ARM Linker, 5.03 [Build 76] [MDK-ARM Standard]

==============================================================================

Section Cross References

    main.o(.text) refers to sys.o(.text) for NVIC_Configuration
    main.o(.text) refers to usart.o(.text) for uart_init
    main.o(.text) refers to anbt_i2c.o(.text) for ANBT_I2C_Configuration
    main.o(.text) refers to anbt_dmp_mpu6050.o(.text) for AnBT_DMP_MPU6050_Init
    main.o(.text) refers to delay.o(.text) for delay_init
    main.o(.text) refers to led.o(.text) for LED_GPIO_Config
    main.o(.text) refers to stm32f10x_gpio.o(.text) for GPIO_ResetBits
    main.o(.text) refers to motor.o(.text) for TIM3_PWM_Init
    main.o(.text) refers to systime.o(.text) for TIM2_Config
    main.o(.text) refers to oled_i2c.o(.text) for I2C_Configuration
    main.o(.text) refers to oled_display.o(.text) for Oled_Displayinit
    main.o(.text) refers to work.o(.text) for Get_mode
    main.o(.text) refers to imu.o(.text) for Read_mpu
    system_stm32f10x.o(.text) refers to system_stm32f10x.o(.data) for SystemCoreClock
    delay.o(.text) refers to misc.o(.text) for SysTick_CLKSourceConfig
    delay.o(.text) refers to delay.o(.data) for fac_us
    sys.o(.text) refers to misc.o(.text) for NVIC_PriorityGroupConfig
    usart.o(.text) refers (Special) to use_no_semi_2.o(.text) for __use_no_semihosting
    usart.o(.text) refers to stm32f10x_rcc.o(.text) for RCC_APB2PeriphClockCmd
    usart.o(.text) refers to stm32f10x_gpio.o(.text) for GPIO_Init
    usart.o(.text) refers to misc.o(.text) for NVIC_Init
    usart.o(.text) refers to stm32f10x_usart.o(.text) for USART_Init
    usart.o(.text) refers to usart.o(.data) for USART_RX_STA
    usart.o(.text) refers to usart.o(.bss) for USART_RX_BUF
    usart.o(.bss) refers (Special) to use_no_semi_2.o(.text) for __use_no_semihosting
    usart.o(.data) refers (Special) to use_no_semi_2.o(.text) for __use_no_semihosting
    startup_stm32f10x_md.o(STACK) refers (Special) to heapauxi.o(.text) for __use_two_region_memory
    startup_stm32f10x_md.o(HEAP) refers (Special) to heapauxi.o(.text) for __use_two_region_memory
    startup_stm32f10x_md.o(RESET) refers (Special) to heapauxi.o(.text) for __use_two_region_memory
    startup_stm32f10x_md.o(RESET) refers to startup_stm32f10x_md.o(STACK) for __initial_sp
    startup_stm32f10x_md.o(RESET) refers to startup_stm32f10x_md.o(.text) for Reset_Handler
    startup_stm32f10x_md.o(RESET) refers to stm32f10x_it.o(.text) for NMI_Handler
    startup_stm32f10x_md.o(RESET) refers to systime.o(.text) for TIM2_IRQHandler
    startup_stm32f10x_md.o(RESET) refers to usart.o(.text) for USART1_IRQHandler
    startup_stm32f10x_md.o(.text) refers (Special) to heapauxi.o(.text) for __use_two_region_memory
    startup_stm32f10x_md.o(.text) refers to system_stm32f10x.o(.text) for SystemInit
    startup_stm32f10x_md.o(.text) refers to __main.o(!!!main) for __main
    startup_stm32f10x_md.o(.text) refers to startup_stm32f10x_md.o(HEAP) for Heap_Mem
    startup_stm32f10x_md.o(.text) refers to startup_stm32f10x_md.o(STACK) for Stack_Mem
    stm32f10x_gpio.o(.text) refers to stm32f10x_rcc.o(.text) for RCC_APB2PeriphResetCmd
    stm32f10x_rcc.o(.text) refers to stm32f10x_rcc.o(.data) for APBAHBPrescTable
    stm32f10x_tim.o(.text) refers to stm32f10x_rcc.o(.text) for RCC_APB2PeriphResetCmd
    stm32f10x_usart.o(.text) refers to stm32f10x_rcc.o(.text) for RCC_APB2PeriphResetCmd
    stm32f10x_i2c.o(.text) refers to stm32f10x_rcc.o(.text) for RCC_APB1PeriphResetCmd
    anbt_dmp_driver.o(.text) refers to anbt_dmp_mpu6050.o(.text) for mpu_load_firmware
    anbt_dmp_driver.o(.text) refers to anbt_dmp_driver.o(.constdata) for dmp_memory
    anbt_dmp_driver.o(.text) refers to anbt_dmp_driver.o(.bss) for dmp
    anbt_dmp_driver.o(.text) refers to fflt_clz.o(x$fpl$ffltu) for __aeabi_ui2f
    anbt_dmp_driver.o(.text) refers to fdiv.o(x$fpl$fdiv) for __aeabi_fdiv
    anbt_dmp_driver.o(.text) refers to fmul.o(x$fpl$fmul) for __aeabi_fmul
    anbt_dmp_driver.o(.text) refers to ffixu.o(x$fpl$ffixu) for __aeabi_f2uiz
    anbt_dmp_driver.o(.text) refers to aeabi_memset.o(.text) for __aeabi_memset
    anbt_dmp_mpu6050.o(.text) refers to anbt_i2c.o(.text) for AnBT_DMP_I2C_Write
    anbt_dmp_mpu6050.o(.text) refers to anbt_dmp_mpu6050.o(.data) for st
    anbt_dmp_mpu6050.o(.text) refers to anbt_dmp_mpu6050.o(.constdata) for test
    anbt_dmp_mpu6050.o(.text) refers to llsdiv.o(.text) for __aeabi_ldivmod
    anbt_dmp_mpu6050.o(.text) refers to fmul.o(x$fpl$fmul) for __aeabi_fmul
    anbt_dmp_mpu6050.o(.text) refers to fflt_clz.o(x$fpl$fflt) for __aeabi_i2f
    anbt_dmp_mpu6050.o(.text) refers to fdiv.o(x$fpl$fdiv) for __aeabi_fdiv
    anbt_dmp_mpu6050.o(.text) refers to feqf.o(x$fpl$feqf) for __aeabi_cfcmpeq
    anbt_dmp_mpu6050.o(.text) refers to faddsub_clz.o(x$fpl$fsub) for __aeabi_fsub
    anbt_dmp_mpu6050.o(.text) refers to f2d.o(x$fpl$f2d) for __aeabi_f2d
[...]
    x$fpl$scalbn                             0x0800959a   Section       92  scalbn.o(x$fpl$scalbn)
    x$fpl$scalbnf                            0x080095f6   Section       76  scalbnf.o(x$fpl$scalbnf)
    x$fpl$trapveneer                         0x08009642   Section       48  trapv.o(x$fpl$trapveneer)
    .constdata                               0x08009672   Section     3062  anbt_dmp_driver.o(.constdata)
    x$fpl$usenofp                            0x08009672   Section        0  usenofp.o(x$fpl$usenofp)
    dmp_memory                               0x08009672   Data        3062  anbt_dmp_driver.o(.constdata)
    .constdata                               0x0800a268   Section       80  anbt_dmp_mpu6050.o(.constdata)
    .constdata                               0x0800a2b8   Section     2072  oled_i2c.o(.constdata)
    .constdata                               0x0800aad0   Section       80  asin.o(.constdata)
    pS                                       0x0800aad0   Data          48  asin.o(.constdata)
    qS                                       0x0800ab00   Data          32  asin.o(.constdata)
    .constdata                               0x0800ab20   Section      152  atan.o(.constdata)
    atanhi                                   0x0800ab20   Data          32  atan.o(.constdata)
    atanlo                                   0x0800ab40   Data          32  atan.o(.constdata)
    aTodd                                    0x0800ab60   Data          40  atan.o(.constdata)
    aTeven                                   0x0800ab88   Data          48  atan.o(.constdata)
    .constdata                               0x0800abb8   Section        8  qnan.o(.constdata)
    .constdata                               0x0800abc0   Section       32  rredf.o(.constdata)
    twooverpi                                0x0800abc0   Data          32  rredf.o(.constdata)
    .data                                    0x20000000   Section       20  system_stm32f10x.o(.data)
    .data                                    0x20000014   Section        4  delay.o(.data)
    fac_us                                   0x20000014   Data           1  delay.o(.data)
    fac_ms                                   0x20000016   Data           2  delay.o(.data)
    .data                                    0x20000018   Section        8  usart.o(.data)
    .data                                    0x20000020   Section       20  stm32f10x_rcc.o(.data)
    APBAHBPrescTable                         0x20000020   Data          16  stm32f10x_rcc.o(.data)
    ADCPrescTable                            0x20000030   Data           4  stm32f10x_rcc.o(.data)
    .data                                    0x20000034   Section       56  anbt_dmp_mpu6050.o(.data)
    gyro_orientation                         0x20000034   Data           9  anbt_dmp_mpu6050.o(.data)
    st                                       0x20000040   Data          44  anbt_dmp_mpu6050.o(.data)
    .data                                    0x2000006c   Section     1184  oled_i2c.o(.data)
    .data                                    0x2000050c   Section      178  work.o(.data)
    .data                                    0x200005c0   Section       60  imu.o(.data)
    gyro_orientation                         0x200005c0   Data           9  imu.o(.data)
    .data                                    0x200005fc   Section        8  systime.o(.data)
    .bss                                     0x20000604   Section       64  usart.o(.bss)
    .bss                                     0x20000644   Section       16  anbt_dmp_driver.o(.bss)
    dmp                                      0x20000644   Data          16  anbt_dmp_driver.o(.bss)
    .bss                                     0x20000654   Section       16  imu.o(.bss)
    .bss                                     0x20000664   Section       96  libspace.o(.bss)
    HEAP                                     0x200006c8   Section      512  startup_stm32f10x_md.o(HEAP)
    Heap_Mem                                 0x200006c8   Data         512  startup_stm32f10x_md.o(HEAP)
    STACK                                    0x200008c8   Section     1024  startup_stm32f10x_md.o(STACK)
    Stack_Mem                                0x200008c8   Data        1024  startup_stm32f10x_md.o(STACK)
    __initial_sp                             0x20000cc8   Data           0  startup_stm32f10x_md.o(STACK)

    Global Symbols

    Symbol Name                              Value     Ov Type        Size  Object(Section)

    BuildAttributes$$THM_ISAv4$P$D$K$B$S$PE$A:L22UL41UL21$X:L11$S22US41US21$IEEE1$IW$USESV6$~STKCKD$USESV7$~SHL$OTIME$ROPI$IEEEX$EBA8$UX$STANDARDLIB$REQ8$PRES8$EABIv2 0x00000000   Number         0  anon$$obj.o ABSOLUTE
    __ARM_use_no_argv                        0x00000000   Number         0  main.o ABSOLUTE
    __ARM_exceptions_init                     - Undefined Weak Reference
    __alloca_initialize                       - Undefined Weak Reference
    __cpp_initialize__aeabi_                  - Undefined Weak Reference
    __cxa_finalize                            - Undefined Weak Reference
    __rt_locale                               - Undefined Weak Reference
    __sigvec_lookup                           - Undefined Weak Reference
    _atexit_init                              - Undefined Weak Reference
    _call_atexit_fns                          - Undefined Weak Reference
    _clock_init                               - Undefined Weak Reference
    _fp_trap_init                             - Undefined Weak Reference
    _fp_trap_shutdown                         - Undefined Weak Reference
    _get_lc_collate                           - Undefined Weak Reference
    _get_lc_ctype                             - Undefined Weak Reference
    _get_lc_monetary                          - Undefined Weak Reference
    _get_lc_numeric                           - Undefined Weak Reference
    _get_lc_time                              - Undefined Weak Reference
    _getenv_init                              - Undefined Weak Reference
    _handle_redirection                       - Undefined Weak Reference
    _init_alloc                               - Undefined Weak Reference
    _init_user_alloc                          - Undefined Weak Reference
    _initio                                   - Undefined Weak Reference
    _rand_init                                - Undefined Weak Reference
    _signal_finish                            - Undefined Weak Reference
    _signal_init                              - Undefined Weak Reference
    _terminate_alloc                          - Undefined Weak Reference
    _terminate_user_alloc                     - Undefined Weak Reference
    _terminateio                              - Undefined Weak Reference
    __Vectors_Size                           0x000000ec   Number         0  startup_stm32f10x_md.o ABSOLUTE
    __Vectors                                0x08000000   Data           4  startup_stm32f10x_md.o(RESET)
    __Vectors_End                            0x080000ec   Data           0  startup_stm32f10x_md.o(RESET)
    __main                                   0x080000ed   Thumb Code     8  __main.o(!!!main)
    __scatterload                            0x080000f5   Thumb Code     0  __scatter.o(!!!scatter)
    __scatterload_rt2                        0x080000f5   Thumb Code    44  __scatter.o(!!!scatter)
    __scatterload_rt2_thumb_only             0x080000f5   Thumb Code     0  __scatter.o(!!!scatter)
    __scatterload_null                       0x08000103   Thumb Code     0  __scatter.o(!!!scatter)
    __decompress                             0x08000129   Thumb Code    90  __dczerorl2.o(!!dczerorl2)
    __decompress1                            0x08000129   Thumb Code     0  __dczerorl2.o(!!dczerorl2)
    __scatterload_zeroinit                   0x08000185   Thumb Code    28  __scatter_zi.o(!!handler_zi)
    __rt_lib_init                            0x080001a1   Thumb Code     0  libinit.o(.ARM.Collect$$libinit$$00000000)
    __rt_lib_init_alloca_1                   0x080001a3   Thumb Code     0  libinit2.o(.ARM.Collect$$libinit$$0000002C)
    __rt_lib_init_argv_1                     0x080001a3   Thumb Code     0  libinit2.o(.ARM.Collect$$libinit$$0000002A)
    __rt_lib_init_atexit_1                   0x080001a3   Thumb Code     0  libinit2.o(.ARM.Collect$$libinit$$00000019)
    __rt_lib_init_clock_1                    0x080001a3   Thumb Code     0  libinit2.o(.ARM.Collect$$libinit$$0000001F)
    __rt_lib_init_cpp_1                      0x080001a3   Thumb Code     0  libinit2.o(.ARM.Collect$$libinit$$00000030)
    __rt_lib_init_exceptions_1               0x080001a3   Thumb Code     0  libinit2.o(.ARM.Collect$$libinit$$0000002E)
    __rt_lib_init_fp_1                       0x080001a3   Thumb Code     0  libinit2.o(.ARM.Collect$$libinit$$00000002)
    __rt_lib_init_fp_trap_1                  0x080001a3   Thumb Code     0  libinit2.o(.ARM.Collect$$libinit$$0000001D)
    __rt_lib_init_getenv_1                   0x080001a3   Thumb Code     0  libinit2.o(.ARM.Collect$$libinit$$00000021)
    __rt_lib_init_heap_1                     0x080001a3   Thumb Code     0  libinit2.o(.ARM.Collect$$libinit$$00000008)
    __rt_lib_init_lc_collate_1               0x080001a3   Thumb Code     0  libinit2.o(.ARM.Collect$$libinit$$0000000F)
    __rt_lib_init_lc_ctype_1                 0x080001a3   Thumb Code     0  libinit2.o(.ARM.Collect$$libinit$$00000011)
    __rt_lib_init_lc_monetary_1              0x080001a3   Thumb Code     0  libinit2.o(.ARM.Collect$$libinit$$00000013)
    __rt_lib_init_lc_numeric_1               0x080001a3   Thumb Code     0  libinit2.o(.ARM.Collect$$libinit$$00000015)
    __rt_lib_init_lc_time_1                  0x080001a3   Thumb Code     0  libinit2.o(.ARM.Collect$$libinit$$00000017)
    __rt_lib_init_rand_1                     0x080001a3   Thumb Code     0  libinit2.o(.ARM.Collect$$libinit$$0000000C)
    __rt_lib_init_return                     0x080001a3   Thumb Code     0  libinit2.o(.ARM.Collect$$libinit$$00000031)
    __rt_lib_init_signal_1                   0x080001a3   Thumb Code     0  libinit2.o(.ARM.Collect$$libinit$$0000001B)
    __rt_lib_init_stdio_1                    0x080001a3   Thumb Code     0  libinit2.o(.ARM.Collect$$libinit$$00000023)
    __rt_lib_init_user_alloc_1               0x080001a3   Thumb Code     0  libinit2.o(.ARM.Collect$$libinit$$0000000A)
    __rt_lib_shutdown                        0x080001a5   Thumb Code     0  libshutdown.o(.ARM.Collect$$libshutdown$$00000000)
    __rt_lib_shutdown_fp_trap_1              0x080001a7   Thumb Code     0  libshutdown2.o(.ARM.Collect$$libshutdown$$00000006)
    __rt_lib_shutdown_heap_1                 0x080001a7   Thumb Code     0  libshutdown2.o(.ARM.Collect$$libshutdown$$0000000E)
    __rt_lib_shutdown_return                 0x080001a7   Thumb Code     0  libshutdown2.o(.ARM.Collect$$libshutdown$$0000000F)
    __rt_lib_shutdown_signal_1               0x080001a7   Thumb Code     0  libshutdown2.o(.ARM.Collect$$libshutdown$$00000009)
    __rt_lib_shutdown_stdio_1                0x080001a7   Thumb Code     0  libshutdown2.o(.ARM.Collect$$libshutdown$$00000003)
    __rt_lib_shutdown_user_alloc_1           0x080001a7   Thumb Code     0  libshutdown2.o(.ARM.Collect$$libshutdown$$0000000B)
    __rt_entry                               0x080001a9   Thumb Code     0  rtentry.o(.ARM.Collect$$rtentry$$00000000)
    __rt_entry_presh_1                       0x080001a9   Thumb Code     0  rtentry2.o(.ARM.Collect$$rtentry$$00000002)
    __rt_entry_sh                            0x080001a9   Thumb Code     0  rtentry4.o(.ARM.Collect$$rtentry$$00000004)
    __rt_entry_li                            0x080001af   Thumb Code     0  rtentry2.o(.ARM.Collect$$rtentry$$0000000A)
    __rt_entry_postsh_1                      0x080001af   Thumb Code     0  rtentry2.o(.ARM.Collect$$rtentry$$00000009)
    __rt_entry_main                          0x080001b3   Thumb Code     0  rtentry2.o(.ARM.Collect$$rtentry$$0000000D)
    __rt_entry_postli_1                      0x080001b3   Thumb Code     0  rtentry2.o(.ARM.Collect$$rtentry$$0000000C)
    __rt_exit                                0x080001bb   Thumb Code     0  rtexit.o(.ARM.Collect$$rtexit$$00000000)
    __rt_exit_ls                             0x080001bd   Thumb Code     0  rtexit2.o(.ARM.Collect$$rtexit$$00000003)
    __rt_exit_prels_1                        0x080001bd   Thumb Code     0  rtexit2.o(.ARM.Collect$$rtexit$$00000002)
    __rt_exit_exit                           0x080001c1   Thumb Code     0  rtexit2.o(.ARM.Collect$$rtexit$$00000004)
    main                                     0x080001c9   Thumb Code   104  main.o(.text)
    NMI_Handler                              0x08000245   Thumb Code     2  stm32f10x_it.o(.text)
    HardFault_Handler                        0x08000247   Thumb Code     4  stm32f10x_it.o(.text)
    MemManage_Handler                        0x0800024b   Thumb Code     4  stm32f10x_it.o(.text)
    BusFault_Handler                         0x0800024f   Thumb Code     4  stm32f10x_it.o(.text)
    UsageFault_Handler                       0x08000253   Thumb Code     4  stm32f10x_it.o(.text)
    SVC_Handler                              0x08000257   Thumb Code     2  stm32f10x_it.o(.text)
    DebugMon_Handler                         0x08000259   Thumb Code     2  stm32f10x_it.o(.text)
    PendSV_Handler                           0x0800025b   Thumb Code     2  stm32f10x_it.o(.text)
    SysTick_Handler                          0x0800025d   Thumb Code     2  stm32f10x_it.o(.text)
    SystemInit                               0x0800033d   Thumb Code    78  system_stm32f10x.o(.text)
    SystemCoreClockUpdate                    0x0800038b   Thumb Code   142  system_stm32f10x.o(.text)
    delay_init                               0x0800043d   Thumb Code    52  delay.o(.text)
    delay_ms                                 0x08000471   Thumb Code    54  delay.o(.text)
    delay_us                                 0x080004a7   Thumb Code    54  delay.o(.text)
    NVIC_Configuration                       0x080004e5   Thumb Code    12  sys.o(.text)
    _sys_exit                                0x080004f1   Thumb Code     6  usart.o(.text)
    fputc                                    0x080004f7   Thumb Code    22  usart.o(.text)
    uart_init                                0x0800050d   Thumb Code   152  usart.o(.text)
    USART1_IRQHandler                        0x080005a5   Thumb Code   122  usart.o(.text)
    AnBT_Uart1_Send_Char                     0x0800061f   Thumb Code    28  usart.o(.text)
    AnBT_Uart1_Send_String                   0x0800063b   Thumb Code    44  usart.o(.text)
    AnBT_Uart1_Send_Num                      0x08000667   Thumb Code    92  usart.o(.text)
    AnBT_Uart1_Send_Nums                     0x080006c3   Thumb Code    54  usart.o(.text)
    Reset_Handler                            0x08000709   Thumb Code     8  startup_stm32f10x_md.o(.text)
    ADC1_2_IRQHandler                        0x08000723   Thumb Code     0  startup_stm32f10x_md.o(.text)
    CAN1_RX1_IRQHandler                      0x08000723   Thumb Code     0  startup_stm32f10x_md.o(.text)
    CAN1_SCE_IRQHandler                      0x08000723   Thumb Code     0  startup_stm32f10x_md.o(.text)
    DMA1_Channel1_IRQHandler                 0x08000723   Thumb Code     0  startup_stm32f10x_md.o(.text)
    DMA1_Channel2_IRQHandler                 0x08000723   Thumb Code     0  startup_stm32f10x_md.o(.text)
    DMA1_Channel3_IRQHandler                 0x08000723   Thumb Code     0  startup_stm32f10x_md.o(.text)
    DMA1_Channel4_IRQHandler                 0x08000723   Thumb Code     0  startup_stm32f10x_md.o(.text)
    DMA1_Channel5_IRQHandler                 0x08000723   Thumb Code     0  startup_stm32f10x_md.o(.text)
    DMA1_Channel6_IRQHandler                 0x08000723   Thumb Code     0  startup_stm32f10x_md.o(.text)
    DMA1_Channel7_IRQHandler                 0x08000723   Thumb Code     0  startup_stm32f10x_md.o(.text)
    EXTI0_IRQHandler                         0x08000723   Thumb Code     0  startup_stm32f10x_md.o(.text)
    EXTI15_10_IRQHandler                     0x08000723   Thumb Code     0  startup_stm32f10x_md.o(.text)
    EXTI1_IRQHandler                         0x08000723   Thumb Code     0  startup_stm32f10x_md.o(.text)
    EXTI2_IRQHandler                         0x08000723   Thumb Code     0  startup_stm32f10x_md.o(.text)
    EXTI3_IRQHandler                         0x08000723   Thumb Code     0  startup_stm32f10x_md.o(.text)
    EXTI4_IRQHandler                         0x08000723   Thumb Code     0  startup_stm32f10x_md.o(.text)
    EXTI9_5_IRQHandler                       0x08000723   Thumb Code     0  startup_stm32f10x_md.o(.text)
    FLASH_IRQHandler                         0x08000723   Thumb Code     0  startup_stm32f10x_md.o(.text)
    I2C1_ER_IRQHandler                       0x08000723   Thumb Code     0  startup_stm32f10x_md.o(.text)
    I2C1_EV_IRQHandler                       0x08000723   Thumb Code     0  startup_stm32f10x_md.o(.text)
    I2C2_ER_IRQHandler                       0x08000723   Thumb Code     0  startup_stm32f10x_md.o(.text)
    I2C2_EV_IRQHandler                       0x08000723   Thumb Code     0  startup_stm32f10x_md.o(.text)
    PVD_IRQHandler                           0x08000723   Thumb Code     0  startup_stm32f10x_md.o(.text)
    RCC_IRQHandler                           0x08000723   Thumb Code     0  startup_stm32f10x_md.o(.text)
    RTCAlarm_IRQHandler                      0x08000723   Thumb Code     0  startup_stm32f10x_md.o(.text)
    RTC_IRQHandler                           0x08000723   Thumb Code     0  startup_stm32f10x_md.o(.text)
    SPI1_IRQHandler                          0x08000723   Thumb Code     0  startup_stm32f10x_md.o(.text)
    SPI2_IRQHandler                          0x08000723   Thumb Code     0  startup_stm32f10x_md.o(.text)
    TAMPER_IRQHandler                        0x08000723   Thumb Code     0  startup_stm32f10x_md.o(.text)
    TIM1_BRK_IRQHandler                      0x08000723   Thumb Code     0  startup_stm32f10x_md.o(.text)
    TIM1_CC_IRQHandler                       0x08000723   Thumb Code     0  startup_stm32f10x_md.o(.text)
    TIM1_TRG_COM_IRQHandler                  0x08000723   Thumb Code     0  startup_stm32f10x_md.o(.text)
    TIM1_UP_IRQHandler                       0x08000723   Thumb Code     0  startup_stm32f10x_md.o(.text)
    TIM3_IRQHandler                          0x08000723   Thumb Code     0  startup_stm32f10x_md.o(.text)
    TIM4_IRQHandler                          0x08000723   Thumb Code     0  startup_stm32f10x_md.o(.text)
    USART2_IRQHandler                        0x08000723   Thumb Code     0  startup_stm32f10x_md.o(.text)
    USART3_IRQHandler                        0x08000723   Thumb Code     0  startup_stm32f10x_md.o(.text)
    USBWakeUp_IRQHandler                     0x08000723   Thumb Code     0  startup_stm32f10x_md.o(.text)
    USB_HP_CAN1_TX_IRQHandler                0x08000723   Thumb Code     0  startup_stm32f10x_md.o(.text)
    USB_LP_CAN1_RX0_IRQHandler               0x08000723   Thumb Code     0  startup_stm32f10x_md.o(.text)
    WWDG_IRQHandler                          0x08000723   Thumb Code     0  startup_stm32f10x_md.o(.text)
    __user_initial_stackheap                 0x08000725   Thumb Code     0  startup_stm32f10x_md.o(.text)
    NVIC_PriorityGroupConfig                 0x08000749   Thumb Code    10  misc.o(.text)
    NVIC_Init                                0x08000753   Thumb Code   102  misc.o(.text)
    NVIC_SetVectorTable                      0x080007b9   Thumb Code    14  misc.o(.text)
    NVIC_SystemLPConfig                      0x080007c7   Thumb Code    34  misc.o(.text)
    SysTick_CLKSourceConfig                  0x080007e9   Thumb Code    40  misc.o(.text)
    GPIO_DeInit                              0x08000825   Thumb Code   172  stm32f10x_gpio.o(.text)
    GPIO_AFIODeInit                          0x080008d1   Thumb Code    20  stm32f10x_gpio.o(.text)
    GPIO_Init                                0x080008e5   Thumb Code   274  stm32f10x_gpio.o(.text)
    GPIO_StructInit                          0x080009f7   Thumb Code    16  stm32f10x_gpio.o(.text)
    GPIO_ReadInputDataBit                    0x08000a07   Thumb Code    18  stm32f10x_gpio.o(.text)
    GPIO_ReadInputData                       0x08000a19   Thumb Code     8  stm32f10x_gpio.o(.text)
    GPIO_ReadOutputDataBit                   0x08000a21   Thumb Code    18  stm32f10x_gpio.o(.text)
    GPIO_ReadOutputData                      0x08000a33   Thumb Code     8  stm32f10x_gpio.o(.text)
    GPIO_SetBits                             0x08000a3b   Thumb Code     4  stm32f10x_gpio.o(.text)
    GPIO_ResetBits                           0x08000a3f   Thumb Code     4  stm32f10x_gpio.o(.text)
    GPIO_WriteBit                            0x08000a43   Thumb Code    10  stm32f10x_gpio.o(.text)
    GPIO_Write                               0x08000a4d   Thumb Code     4  stm32f10x_gpio.o(.text)
    GPIO_PinLockConfig                       0x08000a51   Thumb Code    18  stm32f10x_gpio.o(.text)
    GPIO_EventOutputConfig                   0x08000a63   Thumb Code    26  stm32f10x_gpio.o(.text)
    GPIO_EventOutputCmd                      0x08000a7d   Thumb Code     6  stm32f10x_gpio.o(.text)
    GPIO_PinRemapConfig                      0x08000a83   Thumb Code   138  stm32f10x_gpio.o(.text)
    GPIO_EXTILineConfig                      0x08000b0d   Thumb Code    66  stm32f10x_gpio.o(.text)
    GPIO_ETH_MediaInterfaceConfig            0x08000b4f   Thumb Code     6  stm32f10x_gpio.o(.text)
    RCC_DeInit                               0x08000b7d   Thumb Code    64  stm32f10x_rcc.o(.text)
    RCC_HSEConfig                            0x08000bbd   Thumb Code    70  stm32f10x_rcc.o(.text)
    RCC_GetFlagStatus                        0x08000c03   Thumb Code    56  stm32f10x_rcc.o(.text)
    RCC_WaitForHSEStartUp                    0x08000c3b   Thumb Code    56  stm32f10x_rcc.o(.text)
    RCC_AdjustHSICalibrationValue            0x08000c73   Thumb Code    20  stm32f10x_rcc.o(.text)
    RCC_HSICmd                               0x08000c87   Thumb Code     6  stm32f10x_rcc.o(.text)
    RCC_PLLConfig                            0x08000c8d   Thumb Code    24  stm32f10x_rcc.o(.text)
    RCC_PLLCmd                               0x08000ca5   Thumb Code     6  stm32f10x_rcc.o(.text)
    RCC_SYSCLKConfig                         0x08000cab   Thumb Code    18  stm32f10x_rcc.o(.text)
    RCC_GetSYSCLKSource                      0x08000cbd   Thumb Code    10  stm32f10x_rcc.o(.text)
    RCC_HCLKConfig                           0x08000cc7   Thumb Code    18  stm32f10x_rcc.o(.text)
    RCC_PCLK1Config                          0x08000cd9   Thumb Code    18  stm32f10x_rcc.o(.text)
    RCC_PCLK2Config                          0x08000ceb   Thumb Code    20  stm32f10x_rcc.o(.text)
    RCC_ITConfig                             0x08000cff   Thumb Code    26  stm32f10x_rcc.o(.text)
    RCC_USBCLKConfig                         0x08000d19   Thumb Code     6  stm32f10x_rcc.o(.text)
    RCC_ADCCLKConfig                         0x08000d1f   Thumb Code    18  stm32f10x_rcc.o(.text)
    RCC_LSEConfig                            0x08000d31   Thumb Code    44  stm32f10x_rcc.o(.text)
    RCC_LSICmd                               0x08000d5d   Thumb Code     6  stm32f10x_rcc.o(.text)
    RCC_RTCCLKConfig                         0x08000d63   Thumb Code    12  stm32f10x_rcc.o(.text)
    RCC_RTCCLKCmd                            0x08000d6f   Thumb Code     8  stm32f10x_rcc.o(.text)
    RCC_GetClocksFreq                        0x08000d77   Thumb Code   192  stm32f10x_rcc.o(.text)
    RCC_AHBPeriphClockCmd                    0x08000e37   Thumb Code    26  stm32f10x_rcc.o(.text)
    RCC_APB2PeriphClockCmd                   0x08000e51   Thumb Code    26  stm32f10x_rcc.o(.text)
    RCC_APB1PeriphClockCmd                   0x08000e6b   Thumb Code    26  stm32f10x_rcc.o(.text)
    RCC_APB2PeriphResetCmd                   0x08000e85   Thumb Code    26  stm32f10x_rcc.o(.text)
    RCC_APB1PeriphResetCmd                   0x08000e9f   Thumb Code    26  stm32f10x_rcc.o(.text)
    RCC_BackupResetCmd                       0x08000eb9   Thumb Code     8  stm32f10x_rcc.o(.text)
    RCC_ClockSecuritySystemCmd               0x08000ec1   Thumb Code     6  stm32f10x_rcc.o(.text)
    RCC_MCOConfig                            0x08000ec7   Thumb Code     6  stm32f10x_rcc.o(.text)
    RCC_ClearFlag                            0x08000ecd   Thumb Code    14  stm32f10x_rcc.o(.text)
    RCC_GetITStatus                          0x08000edb   Thumb Code    20  stm32f10x_rcc.o(.text)
    RCC_ClearITPendingBit                    0x08000eef   Thumb Code     6  stm32f10x_rcc.o(.text)
    TIM_DeInit                               0x08000f21   Thumb Code   424  stm32f10x_tim.o(.text)
    TIM_TimeBaseInit                         0x080010c9   Thumb Code   122  stm32f10x_tim.o(.text)
    TIM_OC1Init                              0x08001143   Thumb Code   132  stm32f10x_tim.o(.text)
    TIM_OC2Init                              0x080011c7   Thumb Code   154  stm32f10x_tim.o(.text)
    TIM_OC3Init                              0x08001261   Thumb Code   150  stm32f10x_tim.o(.text)
    TIM_OC4Init                              0x080012f7   Thumb Code   182  stm32f10x_tim.o(.text)
    TIM_SetIC4Prescaler                      0x080013ad   Thumb Code    26  stm32f10x_tim.o(.text)
    TIM_SetIC3Prescaler                      0x08001449   Thumb Code    18  stm32f10x_tim.o(.text)
    TIM_SetIC2Prescaler                      0x080014d5   Thumb Code    26  stm32f10x_tim.o(.text)
    TIM_SetIC1Prescaler                      0x08001571   Thumb Code    18  stm32f10x_tim.o(.text)
    TIM_ICInit                               0x080015ef   Thumb Code   150  stm32f10x_tim.o(.text)
    TIM_PWMIConfig                           0x08001685   Thumb Code   124  stm32f10x_tim.o(.text)
    TIM_BDTRConfig                           0x08001701   Thumb Code    32  stm32f10x_tim.o(.text)
    TIM_TimeBaseStructInit                   0x08001721   Thumb Code    18  stm32f10x_tim.o(.text)
    TIM_OCStructInit                         0x08001733   Thumb Code    20  stm32f10x_tim.o(.text)
    TIM_ICStructInit                         0x08001747   Thumb Code    18  stm32f10x_tim.o(.text)
    TIM_BDTRStructInit                       0x08001759   Thumb Code    40  stm32f10x_tim.o(.text)
    TIM_Cmd                                  0x08001781   Thumb Code    24  stm32f10x_tim.o(.text)
    TIM_CtrlPWMOutputs                       0x08001799   Thumb Code    30  stm32f10x_tim.o(.text)
    TIM_ITConfig                             0x080017b7   Thumb Code    18  stm32f10x_tim.o(.text)
    TIM_GenerateEvent                        0x080017c9   Thumb Code     4  stm32f10x_tim.o(.text)
    TIM_DMAConfig                            0x080017cd   Thumb Code    10  stm32f10x_tim.o(.text)
    TIM_DMACmd                               0x080017d7   Thumb Code    18  stm32f10x_tim.o(.text)
    TIM_InternalClockConfig                  0x080017e9   Thumb Code    12  stm32f10x_tim.o(.text)
    TIM_SelectInputTrigger                   0x080017f5   Thumb Code    18  stm32f10x_tim.o(.text)
    TIM_ITRxExternalClockConfig              0x08001807   Thumb Code    24  stm32f10x_tim.o(.text)
    TIM_TIxExternalClockConfig               0x0800181f   Thumb Code    62  stm32f10x_tim.o(.text)
    TIM_ETRConfig                            0x0800185d   Thumb Code    28  stm32f10x_tim.o(.text)
    TIM_ETRClockMode1Config                  0x08001879   Thumb Code    54  stm32f10x_tim.o(.text)
    TIM_ETRClockMode2Config                  0x080018af   Thumb Code    32  stm32f10x_tim.o(.text)
    TIM_PrescalerConfig                      0x080018cf   Thumb Code     6  stm32f10x_tim.o(.text)
    TIM_CounterModeConfig                    0x080018d5   Thumb Code    18  stm32f10x_tim.o(.text)
    TIM_EncoderInterfaceConfig               0x080018e7   Thumb Code    66  stm32f10x_tim.o(.text)
    TIM_ForcedOC1Config                      0x08001929   Thumb Code    18  stm32f10x_tim.o(.text)
    TIM_ForcedOC2Config                      0x0800193b   Thumb Code    26  stm32f10x_tim.o(.text)
    TIM_ForcedOC3Config                      0x08001955   Thumb Code    18  stm32f10x_tim.o(.text)
    TIM_ForcedOC4Config                      0x08001967   Thumb Code    26  stm32f10x_tim.o(.text)
    TIM_ARRPreloadConfig                     0x08001981   Thumb Code    24  stm32f10x_tim.o(.text)
    TIM_SelectCOM                            0x08001999   Thumb Code    24  stm32f10x_tim.o(.text)
    TIM_SelectCCDMA                          0x080019b1   Thumb Code    24  stm32f10x_tim.o(.text)
    TIM_CCPreloadControl                     0x080019c9   Thumb Code    24  stm32f10x_tim.o(.text)
    TIM_OC1PreloadConfig                     0x080019e1   Thumb Code    18  stm32f10x_tim.o(.text)
    TIM_OC2PreloadConfig                     0x080019f3   Thumb Code    26  stm32f10x_tim.o(.text)
    TIM_OC3PreloadConfig                     0x08001a0d   Thumb Code    18  stm32f10x_tim.o(.text)
    TIM_OC4PreloadConfig                     0x08001a1f   Thumb Code    26  stm32f10x_tim.o(.text)
    TIM_OC1FastConfig                        0x08001a39   Thumb Code    18  stm32f10x_tim.o(.text)
    TIM_OC2FastConfig                        0x08001a4b   Thumb Code    26  stm32f10x_tim.o(.text)
    TIM_OC3FastConfig                        0x08001a65   Thumb Code    18  stm32f10x_tim.o(.text)
    TIM_OC4FastConfig                        0x08001a77   Thumb Code    26  stm32f10x_tim.o(.text)
    TIM_ClearOC1Ref                          0x08001a91   Thumb Code    18  stm32f10x_tim.o(.text)
    TIM_ClearOC2Ref                          0x08001aa3   Thumb Code    24  stm32f10x_tim.o(.text)
    TIM_ClearOC3Ref                          0x08001abb   Thumb Code    18  stm32f10x_tim.o(.text)
    TIM_ClearOC4Ref                          0x08001acd   Thumb Code    24  stm32f10x_tim.o(.text)
    TIM_OC1PolarityConfig                    0x08001ae5   Thumb Code    18  stm32f10x_tim.o(.text)
    TIM_OC1NPolarityConfig                   0x08001af7   Thumb Code    18  stm32f10x_tim.o(.text)
    TIM_OC2PolarityConfig                    0x08001b09   Thumb Code    26  stm32f10x_tim.o(.text)
    TIM_OC2NPolarityConfig                   0x08001b23   Thumb Code    26  stm32f10x_tim.o(.text)
    TIM_OC3PolarityConfig                    0x08001b3d   Thumb Code    26  stm32f10x_tim.o(.text)
    TIM_OC3NPolarityConfig                   0x08001b57   Thumb Code    26  stm32f10x_tim.o(.text)
    TIM_OC4PolarityConfig                    0x08001b71   Thumb Code    26  stm32f10x_tim.o(.text)
    TIM_CCxCmd                               0x08001b8b   Thumb Code    30  stm32f10x_tim.o(.text)
    TIM_CCxNCmd                              0x08001ba9   Thumb Code    30  stm32f10x_tim.o(.text)
    TIM_SelectOCxM                           0x08001bc7   Thumb Code    82  stm32f10x_tim.o(.text)
    TIM_UpdateDisableConfig                  0x08001c19   Thumb Code    24  stm32f10x_tim.o(.text)
    TIM_UpdateRequestConfig                  0x08001c31   Thumb Code    24  stm32f10x_tim.o(.text)
    TIM_SelectHallSensor                     0x08001c49   Thumb Code    24  stm32f10x_tim.o(.text)
    TIM_SelectOnePulseMode                   0x08001c61   Thumb Code    18  stm32f10x_tim.o(.text)
    TIM_SelectOutputTrigger                  0x08001c73   Thumb Code    18  stm32f10x_tim.o(.text)
    TIM_SelectSlaveMode                      0x08001c85   Thumb Code    18  stm32f10x_tim.o(.text)
    TIM_SelectMasterSlaveMode                0x08001c97   Thumb Code    18  stm32f10x_tim.o(.text)
    TIM_SetCounter                           0x08001ca9   Thumb Code     4  stm32f10x_tim.o(.text)
    TIM_SetAutoreload                        0x08001cad   Thumb Code     4  stm32f10x_tim.o(.text)
    TIM_SetCompare1                          0x08001cb1   Thumb Code     4  stm32f10x_tim.o(.text)
    TIM_SetCompare2                          0x08001cb5   Thumb Code     4  stm32f10x_tim.o(.text)
    TIM_SetCompare3                          0x08001cb9   Thumb Code     4  stm32f10x_tim.o(.text)
    TIM_SetCompare4                          0x08001cbd   Thumb Code     6  stm32f10x_tim.o(.text)
    TIM_SetClockDivision                     0x08001cc3   Thumb Code    18  stm32f10x_tim.o(.text)
    TIM_GetCapture1                          0x08001cd5   Thumb Code     6  stm32f10x_tim.o(.text)
    TIM_GetCapture2                          0x08001cdb   Thumb Code     6  stm32f10x_tim.o(.text)
    TIM_GetCapture3                          0x08001ce1   Thumb Code     6  stm32f10x_tim.o(.text)
    TIM_GetCapture4                          0x08001ce7   Thumb Code     8  stm32f10x_tim.o(.text)
    TIM_GetCounter                           0x08001cef   Thumb Code     6  stm32f10x_tim.o(.text)
    TIM_GetPrescaler                         0x08001cf5   Thumb Code     6  stm32f10x_tim.o(.text)
    TIM_GetFlagStatus                        0x08001cfb   Thumb Code    18  stm32f10x_tim.o(.text)
    TIM_ClearFlag                            0x08001d0d   Thumb Code     6  stm32f10x_tim.o(.text)
    TIM_GetITStatus                          0x08001d13   Thumb Code    34  stm32f10x_tim.o(.text)
    TIM_ClearITPendingBit                    0x08001d35   Thumb Code     6  stm32f10x_tim.o(.text)
    USART_DeInit                             0x08001d3d   Thumb Code   134  stm32f10x_usart.o(.text)
    USART_Init                               0x08001dc3   Thumb Code   210  stm32f10x_usart.o(.text)
    USART_StructInit                         0x08001e95   Thumb Code    24  stm32f10x_usart.o(.text)
    USART_ClockInit                          0x08001ead   Thumb Code    34  stm32f10x_usart.o(.text)
    USART_ClockStructInit                    0x08001ecf   Thumb Code    12  stm32f10x_usart.o(.text)
    USART_Cmd                                0x08001edb   Thumb Code    24  stm32f10x_usart.o(.text)
    USART_ITConfig                           0x08001ef3   Thumb Code    74  stm32f10x_usart.o(.text)
    USART_DMACmd                             0x08001f3d   Thumb Code    18  stm32f10x_usart.o(.text)
    USART_SetAddress                         0x08001f4f   Thumb Code    18  stm32f10x_usart.o(.text)
    USART_WakeUpConfig                       0x08001f61   Thumb Code    18  stm32f10x_usart.o(.text)
    USART_ReceiverWakeUpCmd                  0x08001f73   Thumb Code    24  stm32f10x_usart.o(.text)
    USART_LINBreakDetectLengthConfig         0x08001f8b   Thumb Code    18  stm32f10x_usart.o(.text)
    USART_LINCmd                             0x08001f9d   Thumb Code    24  stm32f10x_usart.o(.text)
    USART_SendData                           0x08001fb5   Thumb Code     8  stm32f10x_usart.o(.text)
    USART_ReceiveData                        0x08001fbd   Thumb Code    10  stm32f10x_usart.o(.text)
    USART_SendBreak                          0x08001fc7   Thumb Code    10  stm32f10x_usart.o(.text)
    USART_SetGuardTime                       0x08001fd1   Thumb Code    16  stm32f10x_usart.o(.text)
    USART_SetPrescaler                       0x08001fe1   Thumb Code    16  stm32f10x_usart.o(.text)
    USART_SmartCardCmd                       0x08001ff1   Thumb Code    24  stm32f10x_usart.o(.text)
    USART_SmartCardNACKCmd                   0x08002009   Thumb Code    24  stm32f10x_usart.o(.text)
    USART_HalfDuplexCmd                      0x08002021   Thumb Code    24  stm32f10x_usart.o(.text)
    USART_OverSampling8Cmd                   0x08002039   Thumb Code    22  stm32f10x_usart.o(.text)
    USART_OneBitMethodCmd                    0x0800204f   Thumb Code    24  stm32f10x_usart.o(.text)
    USART_IrDAConfig                         0x08002067   Thumb Code    18  stm32f10x_usart.o(.text)
    USART_IrDACmd                            0x08002079   Thumb Code    24  stm32f10x_usart.o(.text)
    USART_GetFlagStatus                      0x08002091   Thumb Code    26  stm32f10x_usart.o(.text)
    USART_ClearFlag                          0x080020ab   Thumb Code    18  stm32f10x_usart.o(.text)
    USART_GetITStatus                        0x080020bd   Thumb Code    84  stm32f10x_usart.o(.text)
    USART_ClearITPendingBit                  0x08002111   Thumb Code    52  stm32f10x_usart.o(.text)
    I2C_DeInit                               0x08002145   Thumb Code    50  stm32f10x_i2c.o(.text)
    I2C_Init                                 0x08002177   Thumb Code   222  stm32f10x_i2c.o(.text)
    I2C_StructInit                           0x08002255   Thumb Code    30  stm32f10x_i2c.o(.text)
    I2C_Cmd                                  0x08002273   Thumb Code    24  stm32f10x_i2c.o(.text)
    I2C_DMACmd                               0x0800228b   Thumb Code    24  stm32f10x_i2c.o(.text)
    I2C_DMALastTransferCmd                   0x080022a3   Thumb Code    24  stm32f10x_i2c.o(.text)
    I2C_GenerateSTART                        0x080022bb   Thumb Code    24  stm32f10x_i2c.o(.text)
    I2C_GenerateSTOP                         0x080022d3   Thumb Code    24  stm32f10x_i2c.o(.text)
    I2C_AcknowledgeConfig                    0x080022eb   Thumb Code    24  stm32f10x_i2c.o(.text)
    I2C_OwnAddress2Config                    0x08002303   Thumb Code    22  stm32f10x_i2c.o(.text)
    I2C_DualAddressCmd                       0x08002319   Thumb Code    24  stm32f10x_i2c.o(.text)
    I2C_GeneralCallCmd                       0x08002331   Thumb Code    24  stm32f10x_i2c.o(.text)
    I2C_ITConfig                             0x08002349   Thumb Code    18  stm32f10x_i2c.o(.text)
    I2C_SendData                             0x0800235b   Thumb Code     4  stm32f10x_i2c.o(.text)
    I2C_ReceiveData                          0x0800235f   Thumb Code     8  stm32f10x_i2c.o(.text)
    I2C_Send7bitAddress                      0x08002367   Thumb Code    18  stm32f10x_i2c.o(.text)
    I2C_ReadRegister                         0x08002379   Thumb Code    22  stm32f10x_i2c.o(.text)
    I2C_SoftwareResetCmd                     0x0800238f   Thumb Code    22  stm32f10x_i2c.o(.text)
    I2C_NACKPositionConfig                   0x080023a5   Thumb Code    28  stm32f10x_i2c.o(.text)
    I2C_SMBusAlertConfig                     0x080023c1   Thumb Code    28  stm32f10x_i2c.o(.text)
    I2C_TransmitPEC                          0x080023dd   Thumb Code    24  stm32f10x_i2c.o(.text)
    I2C_PECPositionConfig                    0x080023f5   Thumb Code    28  stm32f10x_i2c.o(.text)
    I2C_CalculatePEC                         0x08002411   Thumb Code    24  stm32f10x_i2c.o(.text)
    I2C_GetPEC                               0x08002429   Thumb Code     8  stm32f10x_i2c.o(.text)
    I2C_ARPCmd                               0x08002431   Thumb Code    24  stm32f10x_i2c.o(.text)
    I2C_StretchClockCmd                      0x08002449   Thumb Code    24  stm32f10x_i2c.o(.text)
    I2C_FastModeDutyCycleConfig              0x08002461   Thumb Code    28  stm32f10x_i2c.o(.text)
    I2C_CheckEvent                           0x0800247d   Thumb Code    42  stm32f10x_i2c.o(.text)
    I2C_GetLastEvent                         0x080024a7   Thumb Code    26  stm32f10x_i2c.o(.text)
    I2C_GetFlagStatus                        0x080024c1   Thumb Code    58  stm32f10x_i2c.o(.text)
    I2C_ClearFlag                            0x080024fb   Thumb Code    12  stm32f10x_i2c.o(.text)
    I2C_GetITStatus                          0x08002507   Thumb Code    54  stm32f10x_i2c.o(.text)
    I2C_ClearITPendingBit                    0x0800253d   Thumb Code    12  stm32f10x_i2c.o(.text)
    dmp_load_motion_driver_firmware          0x08002549   Thumb Code    20  anbt_dmp_driver.o(.text)
    dmp_set_orientation                      0x0800255d   Thumb Code   290  anbt_dmp_driver.o(.text)
    dmp_set_gyro_bias                        0x0800267f   Thumb Code   294  anbt_dmp_driver.o(.text)
    dmp_set_accel_bias                       0x080027a5   Thumb Code   300  anbt_dmp_driver.o(.text)
    dmp_set_fifo_rate                        0x080028d1   Thumb Code   136  anbt_dmp_driver.o(.text)
    dmp_get_fifo_rate                        0x08002959   Thumb Code    12  anbt_dmp_driver.o(.text)
    dmp_set_tap_thresh                       0x08002965   Thumb Code   396  anbt_dmp_driver.o(.text)
    dmp_set_tap_axes                         0x08002af1   Thumb Code    70  anbt_dmp_driver.o(.text)
    dmp_set_tap_count                        0x08002b37   Thumb Code    38  anbt_dmp_driver.o(.text)
    dmp_set_tap_time                         0x08002b5d   Thumb Code    38  anbt_dmp_driver.o(.text)
    dmp_set_tap_time_multi                   0x08002b83   Thumb Code    38  anbt_dmp_driver.o(.text)
    dmp_set_shake_reject_thresh              0x08002ba9   Thumb Code    56  anbt_dmp_driver.o(.text)
    dmp_set_shake_reject_time                0x08002be1   Thumb Code    38  anbt_dmp_driver.o(.text)
    dmp_set_shake_reject_timeout             0x08002c07   Thumb Code    38  anbt_dmp_driver.o(.text)
    dmp_get_pedometer_step_count             0x08002c2d   Thumb Code    66  anbt_dmp_driver.o(.text)
    dmp_set_pedometer_step_count             0x08002c6f   Thumb Code    42  anbt_dmp_driver.o(.text)
    dmp_get_pedometer_walk_time              0x08002c99   Thumb Code    72  anbt_dmp_driver.o(.text)
    dmp_set_pedometer_walk_time              0x08002ce1   Thumb Code    48  anbt_dmp_driver.o(.text)
    dmp_enable_6x_lp_quat                    0x08002d11   Thumb Code    84  anbt_dmp_driver.o(.text)
    dmp_enable_lp_quat                       0x08002d65   Thumb Code    60  anbt_dmp_driver.o(.text)
    dmp_enable_gyro_cal                      0x08002da1   Thumb Code    62  anbt_dmp_driver.o(.text)
    dmp_enable_feature                       0x08002ddf   Thumb Code   530  anbt_dmp_driver.o(.text)
    dmp_get_enabled_features                 0x08002ff1   Thumb Code    12  anbt_dmp_driver.o(.text)
    dmp_set_interrupt_mode                   0x0800305b   Thumb Code    66  anbt_dmp_driver.o(.text)
    dmp_read_fifo                            0x0800309d   Thumb Code   506  anbt_dmp_driver.o(.text)
    dmp_register_tap_cb                      0x08003297   Thumb Code    10  anbt_dmp_driver.o(.text)
    dmp_register_android_orient_cb           0x080032a1   Thumb Code    10  anbt_dmp_driver.o(.text)
    mpu_set_gyro_fsr                         0x080032b1   Thumb Code   132  anbt_dmp_mpu6050.o(.text)
    mpu_set_accel_fsr                        0x08003335   Thumb Code   126  anbt_dmp_mpu6050.o(.text)
    mpu_set_lpf                              0x080033b3   Thumb Code   126  anbt_dmp_mpu6050.o(.text)
    mpu_set_int_latched                      0x08003431   Thumb Code   102  anbt_dmp_mpu6050.o(.text)
    mpu_reset_fifo                           0x08003521   Thumb Code   454  anbt_dmp_mpu6050.o(.text)
    mpu_configure_fifo                       0x080036e7   Thumb Code   106  anbt_dmp_mpu6050.o(.text)
    mpu_lp_accel_mode                        0x08003751   Thumb Code   218  anbt_dmp_mpu6050.o(.text)
    mpu_set_sample_rate                      0x0800382b   Thumb Code   152  anbt_dmp_mpu6050.o(.text)
    mpu_set_bypass                           0x080038c3   Thumb Code   328  anbt_dmp_mpu6050.o(.text)
    mpu_set_sensors                          0x08003a0b   Thumb Code   208  anbt_dmp_mpu6050.o(.text)
    mpu_set_dmp_state                        0x08003adb   Thumb Code   138  anbt_dmp_mpu6050.o(.text)
    mpu_get_gyro_fsr                         0x08003b65   Thumb Code    64  anbt_dmp_mpu6050.o(.text)
    mpu_get_accel_fsr                        0x08003ba5   Thumb Code    72  anbt_dmp_mpu6050.o(.text)
    mpu_get_lpf                              0x08003bed   Thumb Code    74  anbt_dmp_mpu6050.o(.text)
    mpu_get_sample_rate                      0x08003c37   Thumb Code    26  anbt_dmp_mpu6050.o(.text)
    mpu_get_fifo_config                      0x08003c51   Thumb Code    12  anbt_dmp_mpu6050.o(.text)
    mpu_get_gyro_sens                        0x0800416d   Thumb Code    58  anbt_dmp_mpu6050.o(.text)
    mpu_get_accel_sens                       0x080041a7   Thumb Code    78  anbt_dmp_mpu6050.o(.text)
    mpu_run_self_test                        0x080043e5   Thumb Code   278  anbt_dmp_mpu6050.o(.text)
    mpu_write_mem                            0x0800458b   Thumb Code   122  anbt_dmp_mpu6050.o(.text)
    mpu_read_mem                             0x08004605   Thumb Code   122  anbt_dmp_mpu6050.o(.text)
    mpu_read_fifo_stream                     0x0800467f   Thumb Code   202  anbt_dmp_mpu6050.o(.text)
    mpu_load_firmware                        0x08004749   Thumb Code   180  anbt_dmp_mpu6050.o(.text)
    AnBT_DMP_MPU6050_DEV_CFG                 0x08004873   Thumb Code   450  anbt_dmp_mpu6050.o(.text)
    AnBT_DMP_MPU6050_Init                    0x08004a35   Thumb Code   236  anbt_dmp_mpu6050.o(.text)
    ANBT_I2C_Delay                           0x08004d01   Thumb Code    10  anbt_i2c.o(.text)
    ANBT_I2C_Configuration                   0x08004d0b   Thumb Code    92  anbt_i2c.o(.text)
    ANBT_I2C_START                           0x08004d67   Thumb Code   102  anbt_i2c.o(.text)
    ANBT_I2C_STOP                            0x08004dcd   Thumb Code    52  anbt_i2c.o(.text)
    ANBT_I2C_SendACK                         0x08004e01   Thumb Code    52  anbt_i2c.o(.text)
    ANBT_I2C_SendNACK                        0x08004e35   Thumb Code    52  anbt_i2c.o(.text)
    ANBT_I2C_SendByte                        0x08004e69   Thumb Code   168  anbt_i2c.o(.text)
    ANBT_I2C_ReceiveByte                     0x08004f11   Thumb Code    96  anbt_i2c.o(.text)
    ANBT_I2C_ReceiveByte_WithACK             0x08004f71   Thumb Code    96  anbt_i2c.o(.text)
    ANBT_I2C_Receive6Bytes                   0x08004fd1   Thumb Code   206  anbt_i2c.o(.text)
    ANBT_I2C_Receive12Bytes                  0x0800509f   Thumb Code   216  anbt_i2c.o(.text)
    ANBT_I2C_Receive14Bytes                  0x08005177   Thumb Code   206  anbt_i2c.o(.text)
    AnBT_DMP_Delay_us                        0x08005245   Thumb Code    26  anbt_i2c.o(.text)
    AnBT_DMP_Delay_ms                        0x0800525f   Thumb Code    24  anbt_i2c.o(.text)
    AnBT_DMP_I2C_Write                       0x08005277   Thumb Code    64  anbt_i2c.o(.text)
    AnBT_DMP_I2C_Read                        0x080052b7   Thumb Code    90  anbt_i2c.o(.text)
    Set_Motor                                0x08005315   Thumb Code    48  motor.o(.text)
    TIM3_PWM_Init                            0x08005345   Thumb Code   250  motor.o(.text)
    Motor_Init                               0x0800543f   Thumb Code    38  motor.o(.text)
    Set_Servo                                0x08005465   Thumb Code   250  motor.o(.text)
    LED_GPIO_Config                          0x0800557d   Thumb Code    50  led.o(.text)
    I2C_Configuration                        0x080055b5   Thumb Code   110  oled_i2c.o(.text)
    I2C_WriteByte                            0x08005623   Thumb Code   126  oled_i2c.o(.text)
    WriteCmd                                 0x080056a1   Thumb Code    14  oled_i2c.o(.text)
    WriteDat                                 0x080056af   Thumb Code    14  oled_i2c.o(.text)
    OLED_Init                                0x080056bd   Thumb Code   178  oled_i2c.o(.text)
    OLED_SetPos                              0x0800576f   Thumb Code    40  oled_i2c.o(.text)
    OLED_Fill                                0x08005797   Thumb Code    58  oled_i2c.o(.text)
    OLED_CLS                                 0x080057d1   Thumb Code    10  oled_i2c.o(.text)
    OLED_ON                                  0x080057db   Thumb Code    22  oled_i2c.o(.text)
    OLED_OFF                                 0x080057f1   Thumb Code    22  oled_i2c.o(.text)
    OLED_ShowStr                             0x08005807   Thumb Code   228  oled_i2c.o(.text)
    OLED_ShowCN                              0x080058eb   Thumb Code    80  oled_i2c.o(.text)
    OLED_DrawBMP                             0x0800593b   Thumb Code   116  oled_i2c.o(.text)
    OLED_ShowNum                             0x080059af   Thumb Code   136  oled_i2c.o(.text)
    Key_GPIO_Config                          0x08005a4b   Thumb Code    74  bsp_key.o(.text)
    Key_Scan                                 0x08005a95   Thumb Code    66  bsp_key.o(.text)
    Read_Key                                 0x08005ad7   Thumb Code   106  bsp_key.o(.text)
    Oled_Displayinit                         0x08005b4d   Thumb Code    46  oled_display.o(.text)
    Oled_Display                             0x08005b7b   Thumb Code   124  oled_display.o(.text)
    mode2_Display                            0x08005bf7   Thumb Code    36  oled_display.o(.text)
    mode3_Display                            0x08005c1b   Thumb Code    36  oled_display.o(.text)
    mode5_Display                            0x08005c3f   Thumb Code    36  oled_display.o(.text)
    clear                                    0x08005c63   Thumb Code    16  oled_display.o(.text)
    Run_mode1                                0x08005d7d   Thumb Code     2  work.o(.text)
    Run_mode2                                0x08005d7f   Thumb Code   788  work.o(.text)
    Run_mode3                                0x08006093   Thumb Code  1438  work.o(.text)
    Run_mode4                                0x08006631   Thumb Code   568  work.o(.text)
    Run_mode5                                0x08006869   Thumb Code     2  work.o(.text)
    Run_mode6                                0x0800686b   Thumb Code     2  work.o(.text)
    Run_mode7                                0x0800686d   Thumb Code     2  work.o(.text)
    RUN                                      0x0800686f   Thumb Code    56  work.o(.text)
    Get_MxMi1                                0x080068a7   Thumb Code    22  work.o(.text)
    Get_mode                                 0x080068bd   Thumb Code   536  work.o(.text)
    Data_Send_Status                         0x08006ad5   Thumb Code   250  imu.o(.text)
    Send_Data                                0x08006bcf   Thumb Code   280  imu.o(.text)
    ANO_DT_Send_MotoPWM                      0x08006ce7   Thumb Code   294  imu.o(.text)
    Read_mpu                                 0x08006e0d   Thumb Code   664  imu.o(.text)
    TIM2_Config                              0x080070cd   Thumb Code   102  systime.o(.text)
    System_Time_Init                         0x08007133   Thumb Code     8  systime.o(.text)
    TIM2_Start                               0x0800713b   Thumb Code    20  systime.o(.text)
    TIM2_Stop                                0x0800714f   Thumb Code    22  systime.o(.text)
    TIM2_IRQHandler                          0x08007165   Thumb Code   100  systime.o(.text)
    __use_no_semihosting                     0x080071d9   Thumb Code     2  use_no_semi_2.o(.text)
    __aeabi_ldivmod                          0x080071db   Thumb Code     0  llsdiv.o(.text)
    _ll_sdiv                                 0x080071db   Thumb Code    72  llsdiv.o(.text)
    memcmp                                   0x08007223   Thumb Code    88  memcmp.o(.text)
    __aeabi_memset                           0x0800727b   Thumb Code    16  aeabi_memset.o(.text)
    __use_two_region_memory                  0x0800728b   Thumb Code     2  heapauxi.o(.text)
    __rt_heap_escrow$2region                 0x0800728d   Thumb Code     2  heapauxi.o(.text)
    __rt_heap_expand$2region                 0x0800728f   Thumb Code     2  heapauxi.o(.text)
    __I$use$semihosting                      0x08007291   Thumb Code     0  use_no_semi.o(.text)
    __use_no_semihosting_swi                 0x08007291   Thumb Code     2  use_no_semi.o(.text)
    __aeabi_uldivmod                         0x08007293   Thumb Code     0  lludivv7m.o(.text)
    _ll_udiv                                 0x08007293   Thumb Code   238  lludivv7m.o(.text)
    __read_errno                             0x08007381   Thumb Code    10  _rserrno.o(.text)
    __set_errno                              0x0800738b   Thumb Code    12  _rserrno.o(.text)
    __aeabi_memclr                           0x08007397   Thumb Code     0  rt_memclr.o(.text)
    __rt_memclr                              0x08007397   Thumb Code    68  rt_memclr.o(.text)
    _memset                                  0x0800739b   Thumb Code     0  rt_memclr.o(.text)
    __aeabi_errno_addr                       0x080073dd   Thumb Code     8  rt_errno_addr_intlibspace.o(.text)
    __errno$intlibspace                      0x080073dd   Thumb Code     0  rt_errno_addr_intlibspace.o(.text)
    __rt_errno_addr$intlibspace              0x080073dd   Thumb Code     0  rt_errno_addr_intlibspace.o(.text)
    __aeabi_memclr4                          0x080073e5   Thumb Code     0  rt_memclr_w.o(.text)
    __aeabi_memclr8                          0x080073e5   Thumb Code     0  rt_memclr_w.o(.text)
    __rt_memclr_w                            0x080073e5   Thumb Code    78  rt_memclr_w.o(.text)
    _memset_w                                0x080073e9   Thumb Code     0  rt_memclr_w.o(.text)
    __user_libspace                          0x08007435   Thumb Code     8  libspace.o(.text)
    __user_perproc_libspace                  0x08007435   Thumb Code     0  libspace.o(.text)
    __user_perthread_libspace                0x08007435   Thumb Code     0  libspace.o(.text)
    __user_setup_stackheap                   0x0800743d   Thumb Code    74  sys_stackheap_outer.o(.text)
    exit                                     0x08007487   Thumb Code    12  exit.o(.text)
    __ARM_fpclassify                         0x08007493   Thumb Code    40  fpclassify.o(i.__ARM_fpclassify)
    __ARM_fpclassifyf                        0x080074bb   Thumb Code    38  fpclassifyf.o(i.__ARM_fpclassifyf)
    __kernel_poly                            0x080074e1   Thumb Code   170  poly.o(i.__kernel_poly)
    __mathlib_dbl_underflow                  0x0800758d   Thumb Code    10  dunder.o(i.__mathlib_dbl_underflow)
    __mathlib_flt_underflow                  0x0800759d   Thumb Code    10  funder.o(i.__mathlib_flt_underflow)
    __mathlib_rredf2                         0x080075a9   Thumb Code   326  rredf.o(i.__mathlib_rredf2)
    asin                                     0x08007701   Thumb Code   584  asin.o(i.asin)
    atan                                     0x0800797d   Thumb Code   478  atan.o(i.atan)
    atan2                                    0x08007ba1   Thumb Code   346  atan2.o(i.atan2)
    atanf                                    0x08007d21   Thumb Code   326  atanf.o(i.atanf)
    cosf                                     0x08007ea1   Thumb Code   332  cosf.o(i.cosf)
    sinf                                     0x08008021   Thumb Code   342  sinf.o(i.sinf)
    sqrt                                     0x080081ad   Thumb Code    76  sqrt.o(i.sqrt)
    __aeabi_d2f                              0x080081f9   Thumb Code     0  d2f.o(x$fpl$d2f)
    _d2f                                     0x080081f9   Thumb Code    98  d2f.o(x$fpl$d2f)
    __aeabi_dadd                             0x0800825d   Thumb Code     0  daddsub_clz.o(x$fpl$dadd)
    _dadd                                    0x0800825d   Thumb Code   332  daddsub_clz.o(x$fpl$dadd)
    __fpl_dcheck_NaN1                        0x080083ad   Thumb Code    10  dcheck1.o(x$fpl$dcheck1)
    __fpl_dcmp_Inf                           0x080083bd   Thumb Code    24  dcmpi.o(x$fpl$dcmpinf)
    __aeabi_ddiv                             0x080083d5   Thumb Code     0  ddiv.o(x$fpl$ddiv)
    _ddiv                                    0x080083d5   Thumb Code   552  ddiv.o(x$fpl$ddiv)
    __aeabi_d2uiz                            0x08008685   Thumb Code     0  dfixu.o(x$fpl$dfixu)
    _dfixu                                   0x08008685   Thumb Code    90  dfixu.o(x$fpl$dfixu)
    __aeabi_cdcmple                          0x080086e1   Thumb Code     0  dleqf.o(x$fpl$dleqf)
    _dcmple                                  0x080086e1   Thumb Code   120  dleqf.o(x$fpl$dleqf)
    __fpl_dcmple_InfNaN                      0x08008743   Thumb Code     0  dleqf.o(x$fpl$dleqf)
    __aeabi_dmul                             0x08008759   Thumb Code     0  dmul.o(x$fpl$dmul)
    _dmul                                    0x08008759   Thumb Code   332  dmul.o(x$fpl$dmul)
    __fpl_dnaninf                            0x080088ad   Thumb Code   156  dnaninf.o(x$fpl$dnaninf)
    __fpl_dretinf                            0x08008949   Thumb Code    12  dretinf.o(x$fpl$dretinf)
    __aeabi_cdrcmple                         0x08008955   Thumb Code     0  drleqf.o(x$fpl$drleqf)
    _drcmple                                 0x08008955   Thumb Code   108  drleqf.o(x$fpl$drleqf)
    __aeabi_drsub                            0x080089c1   Thumb Code     0  daddsub_clz.o(x$fpl$drsb)
    _drsb                                    0x080089c1   Thumb Code    22  daddsub_clz.o(x$fpl$drsb)
    _dsqrt                                   0x080089d9   Thumb Code   456  dsqrt_noumaal.o(x$fpl$dsqrt)
    __aeabi_dsub                             0x08008ba5   Thumb Code     0  daddsub_clz.o(x$fpl$dsub)
    _dsub                                    0x08008ba5   Thumb Code   464  daddsub_clz.o(x$fpl$dsub)
    __aeabi_f2d                              0x08008d79   Thumb Code     0  f2d.o(x$fpl$f2d)
    _f2d                                     0x08008d79   Thumb Code    86  f2d.o(x$fpl$f2d)
    __aeabi_fadd                             0x08008dd1   Thumb Code     0  faddsub_clz.o(x$fpl$fadd)
    _fadd                                    0x08008dd1   Thumb Code   196  faddsub_clz.o(x$fpl$fadd)
    __fpl_fcheck_NaN1                        0x08008e95   Thumb Code     6  fcheck1.o(x$fpl$fcheck1)
    __fpl_fcmp_Inf                           0x08008ea1   Thumb Code    24  fcmpi.o(x$fpl$fcmpinf)
    __aeabi_fdiv                             0x08008eb9   Thumb Code     0  fdiv.o(x$fpl$fdiv)
    _fdiv                                    0x08008eb9   Thumb Code   384  fdiv.o(x$fpl$fdiv)
    __aeabi_cfcmpeq                          0x0800903d   Thumb Code     0  feqf.o(x$fpl$feqf)
    _fcmpeq                                  0x0800903d   Thumb Code   104  feqf.o(x$fpl$feqf)
    __aeabi_f2iz                             0x080090a5   Thumb Code     0  ffix.o(x$fpl$ffix)
    _ffix                                    0x080090a5   Thumb Code    54  ffix.o(x$fpl$ffix)
    __aeabi_f2uiz                            0x080090dd   Thumb Code     0  ffixu.o(x$fpl$ffixu)
    _ffixu                                   0x080090dd   Thumb Code    62  ffixu.o(x$fpl$ffixu)
    __aeabi_i2f                              0x0800911d   Thumb Code     0  fflt_clz.o(x$fpl$fflt)
    _fflt                                    0x0800911d   Thumb Code    48  fflt_clz.o(x$fpl$fflt)
    __aeabi_ui2f                             0x0800914d   Thumb Code     0  fflt_clz.o(x$fpl$ffltu)
    _ffltu                                   0x0800914d   Thumb Code    38  fflt_clz.o(x$fpl$ffltu)
    __aeabi_cfcmple                          0x08009175   Thumb Code     0  fleqf.o(x$fpl$fleqf)
    _fcmple                                  0x08009175   Thumb Code   104  fleqf.o(x$fpl$fleqf)
    __fpl_fcmple_InfNaN                      0x080091c7   Thumb Code     0  fleqf.o(x$fpl$fleqf)
    __aeabi_fmul                             0x080091dd   Thumb Code     0  fmul.o(x$fpl$fmul)
    _fmul                                    0x080091dd   Thumb Code   258  fmul.o(x$fpl$fmul)
    __fpl_fnaninf                            0x080092df   Thumb Code   140  fnaninf.o(x$fpl$fnaninf)
    __fpl_fretinf                            0x0800936b   Thumb Code    10  fretinf.o(x$fpl$fretinf)
    __aeabi_cfrcmple                         0x08009375   Thumb Code     0  frleqf.o(x$fpl$frleqf)
    _frcmple                                 0x08009375   Thumb Code    98  frleqf.o(x$fpl$frleqf)
    _frnd                                    0x080093d9   Thumb Code    96  frnd.o(x$fpl$frnd)
    __aeabi_frsub                            0x08009439   Thumb Code     0  faddsub_clz.o(x$fpl$frsb)
    _frsb                                    0x08009439   Thumb Code    20  faddsub_clz.o(x$fpl$frsb)
    __aeabi_fsub                             0x0800944d   Thumb Code     0  faddsub_clz.o(x$fpl$fsub)
    _fsub                                    0x0800944d   Thumb Code   234  faddsub_clz.o(x$fpl$fsub)
    __fpl_return_NaN                         0x08009537   Thumb Code   100  retnan.o(x$fpl$retnan)
    __ARM_scalbn                             0x0800959b   Thumb Code    92  scalbn.o(x$fpl$scalbn)
    __ARM_scalbnf                            0x080095f7   Thumb Code    76  scalbnf.o(x$fpl$scalbnf)
    __fpl_cmpreturn                          0x08009643   Thumb Code    48  trapv.o(x$fpl$trapveneer)
    __I$use$fp                               0x08009672   Number         0  usenofp.o(x$fpl$usenofp)
    reg                                      0x0800a268   Data          27  anbt_dmp_mpu6050.o(.constdata)
    hw                                       0x0800a284   Data          12  anbt_dmp_mpu6050.o(.constdata)
    test                                     0x0800a290   Data          40  anbt_dmp_mpu6050.o(.constdata)
    F6x8                                     0x0800a2b8   Data         552  oled_i2c.o(.constdata)
    F8X16                                    0x0800a4e0   Data        1520  oled_i2c.o(.constdata)
    __mathlib_zero                           0x0800abb8   Data           8  qnan.o(.constdata)
    Region$$Table$$Base                      0x0800abe0   Number         0  anon$$obj.o(Region$$Table)
    Region$$Table$$Limit                     0x0800ac00   Number         0  anon$$obj.o(Region$$Table)
    SystemCoreClock                          0x20000000   Data           4  system_stm32f10x.o(.data)
    AHBPrescTable                            0x20000004   Data          16  system_stm32f10x.o(.data)
    USART_RX_STA                             0x20000018   Data           1  usart.o(.data)
    __stdout                                 0x2000001c   Data           4  usart.o(.data)
    F16x16                                   0x2000006c   Data         160  oled_i2c.o(.data)
    BMP1                                     0x2000010c   Data        1024  oled_i2c.o(.data)
    flag_ok                                  0x2000050c   Data           1  work.o(.data)
    lenth                                    0x2000050d   Data           1  work.o(.data)
    R                                        0x2000050e   Data           1  work.o(.data)
    angle                                    0x2000050f   Data           1  work.o(.data)
    data_add                                 0x20000510   Data           1  work.o(.data)
    Kp                                       0x20000514   Data           4  work.o(.data)
    Ki                                       0x20000518   Data           4  work.o(.data)
    Kd                                       0x2000051c   Data           4  work.o(.data)
    pit_Kp                                   0x20000520   Data           4  work.o(.data)
    pit_Kd                                   0x20000524   Data           4  work.o(.data)
    mot1                                     0x20000528   Data           2  work.o(.data)
    mot2                                     0x2000052a   Data           2  work.o(.data)
    mot3                                     0x2000052c   Data           2  work.o(.data)
    mot4                                     0x2000052e   Data           2  work.o(.data)
    errgyro                                  0x20000530   Data           4  work.o(.data)
    flag_qidong                              0x20000534   Data           1  work.o(.data)
    a                                        0x20000535   Data           1  work.o(.data)
    ROL_D                                    0x20000538   Data           4  work.o(.data)
    PIT_P                                    0x2000053c   Data           4  work.o(.data)
    PIT_D                                    0x20000540   Data           4  work.o(.data)
    mode                                     0x20000544   Data           1  work.o(.data)
    mode_ok                                  0x20000545   Data           1  work.o(.data)
    Readkey                                  0x20000546   Data           1  work.o(.data)
    hight_increment                          0x20000548   Data           4  work.o(.data)
    targyro                                  0x2000054c   Data           4  work.o(.data)
    errgyroold                               0x20000550   Data           4  work.o(.data)
    rollmax                                  0x20000554   Data           4  work.o(.data)
    errpitold                                0x20000558   Data           4  work.o(.data)
    errpit                                   0x2000055c   Data           4  work.o(.data)
    tarpit                                   0x20000560   Data           4  work.o(.data)
    PITOUT                                   0x20000564   Data           4  work.o(.data)
    GRYOOUT                                  0x20000568   Data           4  work.o(.data)
    gyro_                                    0x2000056c   Data           6  work.o(.data)
    Pitch_                                   0x20000574   Data           4  work.o(.data)
    Roll_                                    0x20000578   Data           4  work.o(.data)
    goal_angle                               0x2000057c   Data           4  work.o(.data)
    rol_error                                0x20000580   Data           4  work.o(.data)
    rol_tar                                  0x20000584   Data           4  work.o(.data)
    pit_error                                0x20000588   Data           4  work.o(.data)
    pit_tar                                  0x2000058c   Data           4  work.o(.data)
    ROL_P                                    0x20000590   Data           4  work.o(.data)
    ROL_I                                    0x20000594   Data           4  work.o(.data)
    PIT_I                                    0x20000598   Data           4  work.o(.data)
    ROL_pout                                 0x2000059c   Data           4  work.o(.data)
    ROL_dout                                 0x200005a0   Data           4  work.o(.data)
    ROL_iout                                 0x200005a4   Data           4  work.o(.data)
    PIT_pout                                 0x200005a8   Data           4  work.o(.data)
    PIT_dout                                 0x200005ac   Data           4  work.o(.data)
    PIT_iout                                 0x200005b0   Data           4  work.o(.data)
    PID_ROLLOUT                              0x200005b4   Data           4  work.o(.data)
    PID_PITOUT                               0x200005b8   Data           4  work.o(.data)
    m                                        0x200005bc   Data           1  work.o(.data)
    n                                        0x200005bd   Data           1  work.o(.data)
    Yaw                                      0x200005cc   Data           4  imu.o(.data)
    q0                                       0x200005d0   Data           4  imu.o(.data)
    q1                                       0x200005d4   Data           4  imu.o(.data)
    q2                                       0x200005d8   Data           4  imu.o(.data)
    q3                                       0x200005dc   Data           4  imu.o(.data)
    sensor_timestamp                         0x200005e0   Data           4  imu.o(.data)
    gyro                                     0x200005e4   Data           6  imu.o(.data)
    accel                                    0x200005ea   Data           6  imu.o(.data)
    sensors                                  0x200005f0   Data           2  imu.o(.data)
    more                                     0x200005f2   Data           1  imu.o(.data)
    Roll                                     0x200005f4   Data           4  imu.o(.data)
    Pitch                                    0x200005f8   Data           4  imu.o(.data)
    time2_tick                               0x200005fc   Data           4  systime.o(.data)
    time2_s                                  0x20000600   Data           4  systime.o(.data)
    USART_RX_BUF                             0x20000604   Data          64  usart.o(.bss)
    quat                                     0x20000654   Data          16  imu.o(.bss)
    __libspace_start                         0x20000664   Data          96  libspace.o(.bss)
    __temporary_stack_top$libspace           0x200006c4   Data           0  libspace.o(.bss)



==============================================================================

Memory Map of the image

  Image Entry point : 0x080000ed

  Load Region LR_IROM1 (Base: 0x08000000, Size: 0x0000b204, Max: 0x00020000, ABSOLUTE, COMPRESSED[0x0000adfc])

    Execution Region ER_IROM1 (Base: 0x08000000, Size: 0x0000ac00, Max: 0x00020000, ABSOLUTE)

    Base Addr    Size         Type   Attr      Idx    E Section Name        Object

    0x08000000   0x000000ec   Data   RO          281    RESET               startup_stm32f10x_md.o
    0x080000ec   0x00000008   Code   RO          609  * !!!main             c_w.l(__main.o)
    0x080000f4   0x00000034   Code   RO          945    !!!scatter          c_w.l(__scatter.o)
    0x08000128   0x0000005a   Code   RO          943    !!dczerorl2         c_w.l(__dczerorl2.o)
    0x08000182   0x00000002   PAD
    0x08000184   0x0000001c   Code   RO          947    !!handler_zi        c_w.l(__scatter_zi.o)
    0x080001a0   0x00000002   Code   RO          815    .ARM.Collect$$libinit$$00000000  c_w.l(libinit.o)
    0x080001a2   0x00000000   Code   RO          825    .ARM.Collect$$libinit$$00000002  c_w.l(libinit2.o)
    0x080001a2   0x00000000   Code   RO          828    .ARM.Collect$$libinit$$00000008  c_w.l(libinit2.o)
    0x080001a2   0x00000000   Code   RO          830    .ARM.Collect$$libinit$$0000000A  c_w.l(libinit2.o)
    0x080001a2   0x00000000   Code   RO          832    .ARM.Collect$$libinit$$0000000C  c_w.l(libinit2.o)
    0x080001a2   0x00000000   Code   RO          835    .ARM.Collect$$libinit$$0000000F  c_w.l(libinit2.o)
    0x080001a2   0x00000000   Code   RO          837    .ARM.Collect$$libinit$$00000011  c_w.l(libinit2.o)
    0x080001a2   0x00000000   Code   RO          839    .ARM.Collect$$libinit$$00000013  c_w.l(libinit2.o)
    0x080001a2   0x00000000   Code   RO          841    .ARM.Collect$$libinit$$00000015  c_w.l(libinit2.o)
    0x080001a2   0x00000000   Code   RO          843    .ARM.Collect$$libinit$$00000017  c_w.l(libinit2.o)
    0x080001a2   0x00000000   Code   RO          845    .ARM.Collect$$libinit$$00000019  c_w.l(libinit2.o)
    0x080001a2   0x00000000   Code   RO          847    .ARM.Collect$$libinit$$0000001B  c_w.l(libinit2.o)
    0x080001a2   0x00000000   Code   RO          849    .ARM.Collect$$libinit$$0000001D  c_w.l(libinit2.o)
    0x080001a2   0x00000000   Code   RO          851    .ARM.Collect$$libinit$$0000001F  c_w.l(libinit2.o)
    0x080001a2   0x00000000   Code   RO          853    .ARM.Collect$$libinit$$00000021  c_w.l(libinit2.o)
    0x080001a2   0x00000000   Code   RO          855    .ARM.Collect$$libinit$$00000023  c_w.l(libinit2.o)
    0x080001a2   0x00000000   Code   RO          859    .ARM.Collect$$libinit$$0000002A  c_w.l(libinit2.o)
    0x080001a2   0x00000000   Code   RO          861    .ARM.Collect$$libinit$$0000002C  c_w.l(libinit2.o)
    0x080001a2   0x00000000   Code   RO          863    .ARM.Collect$$libinit$$0000002E  c_w.l(libinit2.o)
    0x080001a2   0x00000000   Code   RO          865    .ARM.Collect$$libinit$$00000030  c_w.l(libinit2.o)
    0x080001a2   0x00000002   Code   RO          866    .ARM.Collect$$libinit$$00000031  c_w.l(libinit2.o)
    0x080001a4   0x00000002   Code   RO          896    .ARM.Collect$$libshutdown$$00000000  c_w.l(libshutdown.o)
    0x080001a6   0x00000000   Code   RO          911    .ARM.Collect$$libshutdown$$00000003  c_w.l(libshutdown2.o)
    0x080001a6   0x00000000   Code   RO          914    .ARM.Collect$$libshutdown$$00000006  c_w.l(libshutdown2.o)
    0x080001a6   0x00000000   Code   RO          917    .ARM.Collect$$libshutdown$$00000009  c_w.l(libshutdown2.o)
    0x080001a6   0x00000000   Code   RO          919    .ARM.Collect$$libshutdown$$0000000B  c_w.l(libshutdown2.o)
    0x080001a6   0x00000000   Code   RO          922    .ARM.Collect$$libshutdown$$0000000E  c_w.l(libshutdown2.o)
    0x080001a6   0x00000002   Code   RO          923    .ARM.Collect$$libshutdown$$0000000F  c_w.l(libshutdown2.o)
    0x080001a8   0x00000000   Code   RO          709    .ARM.Collect$$rtentry$$00000000  c_w.l(rtentry.o)
    0x080001a8   0x00000000   Code   RO          768    .ARM.Collect$$rtentry$$00000002  c_w.l(rtentry2.o)
    0x080001a8   0x00000006   Code   RO          780    .ARM.Collect$$rtentry$$00000004  c_w.l(rtentry4.o)
    0x080001ae   0x00000000   Code   RO          770    .ARM.Collect$$rtentry$$00000009  c_w.l(rtentry2.o)
    0x080001ae   0x00000004   Code   RO          771    .ARM.Collect$$rtentry$$0000000A  c_w.l(rtentry2.o)
    0x080001b2   0x00000000   Code   RO          773    .ARM.Collect$$rtentry$$0000000C  c_w.l(rtentry2.o)
    0x080001b2   0x00000008   Code   RO          774    .ARM.Collect$$rtentry$$0000000D  c_w.l(rtentry2.o)
    0x080001ba   0x00000002   Code   RO          818    .ARM.Collect$$rtexit$$00000000  c_w.l(rtexit.o)
    0x080001bc   0x00000000   Code   RO          870    .ARM.Collect$$rtexit$$00000002  c_w.l(rtexit2.o)
    0x080001bc   0x00000004   Code   RO          871    .ARM.Collect$$rtexit$$00000003  c_w.l(rtexit2.o)
    0x080001c0   0x00000006   Code   RO          872    .ARM.Collect$$rtexit$$00000004  c_w.l(rtexit2.o)
    0x080001c6   0x00000002   PAD
    0x080001c8   0x0000007c   Code   RO            1    .text               main.o
    0x08000244   0x0000001a   Code   RO          160    .text               stm32f10x_it.o
    0x0800025e   0x00000002   PAD
    0x08000260   0x000001dc   Code   RO          201    .text               system_stm32f10x.o
    0x0800043c   0x000000a8   Code   RO          219    .text               delay.o
    0x080004e4   0x0000000c   Code   RO          233    .text               sys.o
    0x080004f0   0x00000218   Code   RO          245    .text               usart.o
    0x08000708   0x00000040   Code   RO          282    .text               startup_stm32f10x_md.o
    0x08000748   0x000000dc   Code   RO          286    .text               misc.o
    0x08000824   0x00000358   Code   RO          298    .text               stm32f10x_gpio.o
    0x08000b7c   0x000003a4   Code   RO          310    .text               stm32f10x_rcc.o
    0x08000f20   0x00000e1a   Code   RO          324    .text               stm32f10x_tim.o
    0x08001d3a   0x00000002   PAD
    0x08001d3c   0x00000408   Code   RO          336    .text               stm32f10x_usart.o
    0x08002144   0x00000404   Code   RO          348    .text               stm32f10x_i2c.o
    0x08002548   0x00000d68   Code   RO          372    .text               anbt_dmp_driver.o
    0x080032b0   0x00001a50   Code   RO          387    .text               anbt_dmp_mpu6050.o
    0x08004d00   0x00000614   Code   RO          417    .text               anbt_i2c.o
    0x08005314   0x00000268   Code   RO          429    .text               motor.o
    0x0800557c   0x00000038   Code   RO          441    .text               led.o
    0x080055b4   0x00000482   Code   RO          475    .text               oled_i2c.o
    0x08005a36   0x00000002   PAD
    0x08005a38   0x00000114   Code   RO          506    .text               bsp_key.o
    0x08005b4c   0x00000230   Code   RO          521    .text               oled_display.o
    0x08005d7c   0x00000d58   Code   RO          533    .text               work.o
    0x08006ad4   0x000005f8   Code   RO          555    .text               imu.o
    0x080070cc   0x0000010c   Code   RO          574    .text               systime.o
    0x080071d8   0x00000002   Code   RO          599    .text               c_w.l(use_no_semi_2.o)
    0x080071da   0x00000048   Code   RO          601    .text               c_w.l(llsdiv.o)
    0x08007222   0x00000058   Code   RO          603    .text               c_w.l(memcmp.o)
    0x0800727a   0x00000010   Code   RO          605    .text               c_w.l(aeabi_memset.o)
    0x0800728a   0x00000006   Code   RO          607    .text               c_w.l(heapauxi.o)
    0x08007290   0x00000002   Code   RO          707    .text               c_w.l(use_no_semi.o)
    0x08007292   0x000000ee   Code   RO          710    .text               c_w.l(lludivv7m.o)
    0x08007380   0x00000016   Code   RO          712    .text               c_w.l(_rserrno.o)
    0x08007396   0x00000044   Code   RO          714    .text               c_w.l(rt_memclr.o)
    0x080073da   0x00000002   PAD
    0x080073dc   0x00000008   Code   RO          789    .text               c_w.l(rt_errno_addr_intlibspace.o)
    0x080073e4   0x0000004e   Code   RO          791    .text               c_w.l(rt_memclr_w.o)
    0x08007432   0x00000002   PAD
    0x08007434   0x00000008   Code   RO          801    .text               c_w.l(libspace.o)
    0x0800743c   0x0000004a   Code   RO          804    .text               c_w.l(sys_stackheap_outer.o)
    0x08007486   0x0000000c   Code   RO          808    .text               c_w.l(exit.o)
    0x08007492   0x00000028   Code   RO          747    i.__ARM_fpclassify  m_ws.l(fpclassify.o)
    0x080074ba   0x00000026   Code   RO          749    i.__ARM_fpclassifyf  m_ws.l(fpclassifyf.o)
    0x080074e0   0x000000aa   Code   RO          753    i.__kernel_poly     m_ws.l(poly.o)
    0x0800758a   0x00000002   PAD
    0x0800758c   0x00000010   Code   RO          745    i.__mathlib_dbl_underflow  m_ws.l(dunder.o)
    0x0800759c   0x0000000a   Code   RO          751    i.__mathlib_flt_underflow  m_ws.l(funder.o)
    0x080075a6   0x00000002   PAD
    0x080075a8   0x00000158   Code   RO          756    i.__mathlib_rredf2  m_ws.l(rredf.o)
    0x08007700   0x0000027c   Code   RO          666    i.asin              m_ws.l(asin.o)
    0x0800797c   0x00000224   Code   RO          736    i.atan              m_ws.l(atan.o)
    0x08007ba0   0x00000180   Code   RO          676    i.atan2             m_ws.l(atan2.o)
    0x08007d20   0x00000180   Code   RO          684    i.atanf             m_ws.l(atanf.o)
    0x08007ea0   0x00000180   Code   RO          692    i.cosf              m_ws.l(cosf.o)
    0x08008020   0x0000018c   Code   RO          700    i.sinf              m_ws.l(sinf.o)
    0x080081ac   0x0000004c   Code   RO          760    i.sqrt              m_ws.l(sqrt.o)
    0x080081f8   0x00000062   Code   RO          611    x$fpl$d2f           fz_ws.l(d2f.o)
    0x0800825a   0x00000002   PAD
    0x0800825c   0x00000150   Code   RO          613    x$fpl$dadd          fz_ws.l(daddsub_clz.o)
    0x080083ac   0x00000010   Code   RO          793    x$fpl$dcheck1       fz_ws.l(dcheck1.o)
    0x080083bc   0x00000018   Code   RO          795    x$fpl$dcmpinf       fz_ws.l(dcmpi.o)
    0x080083d4   0x000002b0   Code   RO          620    x$fpl$ddiv          fz_ws.l(ddiv.o)
    0x08008684   0x0000005a   Code   RO          623    x$fpl$dfixu         fz_ws.l(dfixu.o)
    0x080086de   0x00000002   PAD
    0x080086e0   0x00000078   Code   RO          716    x$fpl$dleqf         fz_ws.l(dleqf.o)
    0x08008758   0x00000154   Code   RO          627    x$fpl$dmul          fz_ws.l(dmul.o)
    0x080088ac   0x0000009c   Code   RO          718    x$fpl$dnaninf       fz_ws.l(dnaninf.o)
    0x08008948   0x0000000c   Code   RO          720    x$fpl$dretinf       fz_ws.l(dretinf.o)
    0x08008954   0x0000006c   Code   RO          629    x$fpl$drleqf        fz_ws.l(drleqf.o)
    0x080089c0   0x00000016   Code   RO          614    x$fpl$drsb          fz_ws.l(daddsub_clz.o)
    0x080089d6   0x00000002   PAD
    0x080089d8   0x000001cc   Code   RO          797    x$fpl$dsqrt         fz_ws.l(dsqrt_noumaal.o)
    0x08008ba4   0x000001d4   Code   RO          615    x$fpl$dsub          fz_ws.l(daddsub_clz.o)
    0x08008d78   0x00000056   Code   RO          631    x$fpl$f2d           fz_ws.l(f2d.o)
    0x08008dce   0x00000002   PAD
    0x08008dd0   0x000000c4   Code   RO          633    x$fpl$fadd          fz_ws.l(faddsub_clz.o)
    0x08008e94   0x0000000c   Code   RO          799    x$fpl$fcheck1       fz_ws.l(fcheck1.o)
    0x08008ea0   0x00000018   Code   RO          722    x$fpl$fcmpinf       fz_ws.l(fcmpi.o)
    0x08008eb8   0x00000184   Code   RO          640    x$fpl$fdiv          fz_ws.l(fdiv.o)
    0x0800903c   0x00000068   Code   RO          643    x$fpl$feqf          fz_ws.l(feqf.o)
    0x080090a4   0x00000036   Code   RO          645    x$fpl$ffix          fz_ws.l(ffix.o)
    0x080090da   0x00000002   PAD
    0x080090dc   0x0000003e   Code   RO          649    x$fpl$ffixu         fz_ws.l(ffixu.o)
    0x0800911a   0x00000002   PAD
    0x0800911c   0x00000030   Code   RO          654    x$fpl$fflt          fz_ws.l(fflt_clz.o)
    0x0800914c   0x00000026   Code   RO          653    x$fpl$ffltu         fz_ws.l(fflt_clz.o)
    0x08009172   0x00000002   PAD
    0x08009174   0x00000068   Code   RO          659    x$fpl$fleqf         fz_ws.l(fleqf.o)
    0x080091dc   0x00000102   Code   RO          661    x$fpl$fmul          fz_ws.l(fmul.o)
    0x080092de   0x0000008c   Code   RO          724    x$fpl$fnaninf       fz_ws.l(fnaninf.o)
    0x0800936a   0x0000000a   Code   RO          726    x$fpl$fretinf       fz_ws.l(fretinf.o)
    0x08009374   0x00000062   Code   RO          663    x$fpl$frleqf        fz_ws.l(frleqf.o)
    0x080093d6   0x00000002   PAD
    0x080093d8   0x00000060   Code   RO          728    x$fpl$frnd          fz_ws.l(frnd.o)
    0x08009438   0x00000014   Code   RO          634    x$fpl$frsb          fz_ws.l(faddsub_clz.o)
    0x0800944c   0x000000ea   Code   RO          635    x$fpl$fsub          fz_ws.l(faddsub_clz.o)
    0x08009536   0x00000064   Code   RO          816    x$fpl$retnan        fz_ws.l(retnan.o)
    0x0800959a   0x0000005c   Code   RO          730    x$fpl$scalbn        fz_ws.l(scalbn.o)
    0x080095f6   0x0000004c   Code   RO          732    x$fpl$scalbnf       fz_ws.l(scalbnf.o)
    0x08009642   0x00000030   Code   RO          867    x$fpl$trapveneer    fz_ws.l(trapv.o)
    0x08009672   0x00000000   Code   RO          734    x$fpl$usenofp       fz_ws.l(usenofp.o)
    0x08009672   0x00000bf6   Data   RO          374    .constdata          anbt_dmp_driver.o
    0x0800a268   0x00000050   Data   RO          389    .constdata          anbt_dmp_mpu6050.o
    0x0800a2b8   0x00000818   Data   RO          476    .constdata          oled_i2c.o
    0x0800aad0   0x00000050   Data   RO          667    .constdata          m_ws.l(asin.o)
    0x0800ab20   0x00000098   Data   RO          737    .constdata          m_ws.l(atan.o)
    0x0800abb8   0x00000008   Data   RO          755    .constdata          m_ws.l(qnan.o)
    0x0800abc0   0x00000020   Data   RO          757    .constdata          m_ws.l(rredf.o)
    0x0800abe0   0x00000020   Data   RO          941    Region$$Table       anon$$obj.o


    Execution Region RW_IRAM1 (Base: 0x20000000, Size: 0x00000cc8, Max: 0x00005000, ABSOLUTE, COMPRESSED[0x000001fc])

    Base Addr    Size         Type   Attr      Idx    E Section Name        Object

    0x20000000   0x00000014   Data   RW          202    .data               system_stm32f10x.o
    0x20000014   0x00000004   Data   RW          220    .data               delay.o
    0x20000018   0x00000008   Data   RW          247    .data               usart.o
    0x20000020   0x00000014   Data   RW          311    .data               stm32f10x_rcc.o
    0x20000034   0x00000038   Data   RW          390    .data               anbt_dmp_mpu6050.o
    0x2000006c   0x000004a0   Data   RW          477    .data               oled_i2c.o
    0x2000050c   0x000000b2   Data   RW          534    .data               work.o
    0x200005be   0x00000002   PAD
    0x200005c0   0x0000003c   Data   RW          557    .data               imu.o
    0x200005fc   0x00000008   Data   RW          575    .data               systime.o
    0x20000604   0x00000040   Zero   RW          246    .bss                usart.o
    0x20000644   0x00000010   Zero   RW          373    .bss                anbt_dmp_driver.o
    0x20000654   0x00000010   Zero   RW          556    .bss                imu.o
    0x20000664   0x00000060   Zero   RW          802    .bss                c_w.l(libspace.o)
    0x200006c4   0x00000004   PAD
    0x200006c8   0x00000200   Zero   RW          280    HEAP                startup_stm32f10x_md.o
    0x200008c8   0x00000400   Zero   RW          279    STACK               startup_stm32f10x_md.o


==============================================================================

Image component sizes


      Code (inc. data)   RO Data    RW Data    ZI Data      Debug   Object Name

      3432        126       3062          0         16      14563   anbt_dmp_driver.o
      6736        554         80         56          0      13518   anbt_dmp_mpu6050.o
      1556         12          0          0          0       4948   anbt_i2c.o
       276         12          0          0          0       1440   bsp_key.o
         0          0          0          0          0         32   core_cm3.o
       168          8          0          4          0       1047   delay.o
      1528        110          0         60         16       3125   imu.o
        56          6          0          0          0        482   led.o
       124         20          0          0          0     263523   main.o
       220         20          0          0          0       1797   misc.o
       616         30          0          0          0       1551   motor.o
       560        274          0          0          0       1240   oled_display.o
      1154         36       2072       1184          0       4226   oled_i2c.o
        64         26        236          0       1536        772   startup_stm32f10x_md.o
       856         40          0          0          0       5641   stm32f10x_gpio.o
      1028         16          0          0          0       9103   stm32f10x_i2c.o
        26          0          0          0          0       1178   stm32f10x_it.o
       932         44          0         20          0       8812   stm32f10x_rcc.o
      3610         88          0          0          0      22128   stm32f10x_tim.o
      1032         22          0          0          0       8368   stm32f10x_usart.o
        12          0          0          0          0        449   sys.o
       476         36          0         20          0       1731   system_stm32f10x.o
       268         16          0          8          0       1697   systime.o
       536         16          0          8         64       4111   usart.o
      3416        380          0        178          0       4735   work.o

    ----------------------------------------------------------------------
     28688       1892       5482       1540       1632     380217   Object Totals
         0          0         32          0          0          0   (incl. Generated)
         6          0          0          2          0          0   (incl. Padding)

    ----------------------------------------------------------------------

      Code (inc. data)   RO Data    RW Data    ZI Data      Debug   Library Member Name

        90          0          0          0          0          0   __dczerorl2.o
         8          0          0          0          0         68   __main.o
        52          8          0          0          0          0   __scatter.o
        28          0          0          0          0          0   __scatter_zi.o
        22          0          0          0          0        100   _rserrno.o
        16          0          0          0          0         68   aeabi_memset.o
        12          0          0          0          0         72   exit.o
         6          0          0          0          0        152   heapauxi.o
         2          0          0          0          0          0   libinit.o
         2          0          0          0          0          0   libinit2.o
         2          0          0          0          0          0   libshutdown.o
         2          0          0          0          0          0   libshutdown2.o
         8          4          0          0         96         68   libspace.o
        72          0          0          0          0         76   llsdiv.o
       238          0          0          0          0        100   lludivv7m.o
        88          0          0          0          0         76   memcmp.o
         8          4          0          0          0         68   rt_errno_addr_intlibspace.o
        68          0          0          0          0         68   rt_memclr.o
        78          0          0          0          0         80   rt_memclr_w.o
         0          0          0          0          0          0   rtentry.o
        12          0          0          0          0          0   rtentry2.o
         6          0          0          0          0          0   rtentry4.o
         2          0          0          0          0          0   rtexit.o
        10          0          0          0          0          0   rtexit2.o
        74          0          0          0          0         80   sys_stackheap_outer.o
         2          0          0          0          0         68   use_no_semi.o
         2          0          0          0          0         68   use_no_semi_2.o
        98          4          0          0          0         92   d2f.o
       826         16          0          0          0        348   daddsub_clz.o
        16          4          0          0          0         68   dcheck1.o
        24          0          0          0          0         68   dcmpi.o
       688        140          0          0          0        208   ddiv.o
        90          4          0          0          0         92   dfixu.o
       120          4          0          0          0         92   dleqf.o
       340         12          0          0          0        104   dmul.o
       156          4          0          0          0         92   dnaninf.o
        12          0          0          0          0         68   dretinf.o
       108          0          0          0          0         80   drleqf.o
       460         56          0          0          0        120   dsqrt_noumaal.o
        86          4          0          0          0         84   f2d.o
       450          8          0          0          0        236   faddsub_clz.o
        12          4          0          0          0         68   fcheck1.o
        24          0          0          0          0         68   fcmpi.o
       388         76          0          0          0         96   fdiv.o
       104          4          0          0          0         84   feqf.o
        54          4          0          0          0         84   ffix.o
        62          4          0          0          0         84   ffixu.o
        86          0          0          0          0        136   fflt_clz.o
       104          4          0          0          0         84   fleqf.o
       258          4          0          0          0         84   fmul.o
       140          4          0          0          0         84   fnaninf.o
        10          0          0          0          0         68   fretinf.o
        98          0          0          0          0         68   frleqf.o
        96          4          0          0          0         76   frnd.o
       100          0          0          0          0         68   retnan.o
        92          0          0          0          0         68   scalbn.o
        76          0          0          0          0         68   scalbnf.o
        48          0          0          0          0         68   trapv.o
         0          0          0          0          0          0   usenofp.o
       636         52         80          0          0        168   asin.o
       548         70        152          0          0        124   atan.o
       384         38          0          0          0        144   atan2.o
       384         58          0          0          0        108   atanf.o
       384         52          0          0          0        112   cosf.o
        16          6          0          0          0         68   dunder.o
        40          0          0          0          0         68   fpclassify.o
        38          0          0          0          0         68   fpclassifyf.o
        10          0          0          0          0         68   funder.o
       170          0          0          0          0         96   poly.o
         0          0          8          0          0          0   qnan.o
       344         18         32          0          0         88   rredf.o
       396         54          0          0          0        112   sinf.o
        76          0          0          0          0         84   sqrt.o

    ----------------------------------------------------------------------
      9590        728        272          0        100       5628   Library Totals
        28          0          0          0          4          0   (incl. Padding)

    ----------------------------------------------------------------------

      Code (inc. data)   RO Data    RW Data    ZI Data      Debug   Library Name

       910         16          0          0         96       1212   c_w.l
      5226        364          0          0          0       3108   fz_ws.l
      3426        348        272          0          0       1308   m_ws.l

    ----------------------------------------------------------------------
      9590        728        272          0        100       5628   Library Totals

    ----------------------------------------------------------------------

==============================================================================


      Code (inc. data)   RO Data    RW Data    ZI Data      Debug   

     38278       2620       5754       1540       1732     380697   Grand Totals
     38278       2620       5754        508       1732     380697   ELF Image Totals (compressed)
     38278       2620       5754        508          0          0   ROM Totals

==============================================================================

    Total RO  Size (Code + RO Data)                44032 (  43.00kB)
    Total RW  Size (RW Data + ZI Data)              3272 (   3.20kB)
    Total ROM Size (Code + RO Data + RW Data)      44540 (  43.50kB)

==============================================================================

