<html>
<body>
<pre>
<h1>礦ision Build Log</h1>
<h2>Project:</h2>
C:\Users\Administrator\Desktop\新建文件夹\电设流风机\STM32-DMP移植\USER\USART.uvproj
Project File Date:  08/13/2015

<h2>Output:</h2>
Build target 'Target 1'
compiling work.c...
..\APP\work.c(122): warning:  #550-D: variable "PIT_pout" was set but never used
..\APP\work.c(122): warning:  #550-D: variable "PIT_dout" was set but never used
..\APP\work.c(123): warning:  #177-D: variable "PID_PITOUT" was declared but never referenced
linking...
Program Size: Code=35270 RO-data=5722 RW-data=1444 ZI-data=1732  
FromELF: creating hex file...
".\USART.axf" - 0 Errors, 3 Warning(s).
Build target 'Target 1'
compiling work.c...
..\APP\work.c(122): warning:  #550-D: variable "PIT_pout" was set but never used
..\APP\work.c(122): warning:  #550-D: variable "PIT_dout" was set but never used
..\APP\work.c(123): warning:  #177-D: variable "PID_PITOUT" was declared but never referenced
linking...
Program Size: Code=35274 RO-data=5726 RW-data=1444 ZI-data=1732  
FromELF: creating hex file...
".\USART.axf" - 0 Errors, 3 Warning(s).
Build target 'Target 1'
compiling work.c...
..\APP\work.c(122): warning:  #550-D: variable "PIT_pout" was set but never used
..\APP\work.c(122): warning:  #550-D: variable "PIT_dout" was set but never used
..\APP\work.c(123): warning:  #177-D: variable "PID_PITOUT" was declared but never referenced
linking...
Program Size: Code=35310 RO-data=5722 RW-data=1444 ZI-data=1732  
FromELF: creating hex file...
".\USART.axf" - 0 Errors, 3 Warning(s).
Build target 'Target 1'
compiling work.c...
..\APP\work.c(122): warning:  #550-D: variable "PIT_pout" was set but never used
..\APP\work.c(122): warning:  #550-D: variable "PIT_dout" was set but never used
..\APP\work.c(123): warning:  #177-D: variable "PID_PITOUT" was declared but never referenced
linking...
Program Size: Code=35310 RO-data=5722 RW-data=1444 ZI-data=1732  
FromELF: creating hex file...
".\USART.axf" - 0 Errors, 3 Warning(s).
Load "C:\\Users\\Administrator\\Desktop\\新建文件夹\\电设流风机\\STM32-DMP移植\\USER\\USART.axf" 
Full Chip Erase Done.
Programming Done.
Verify OK.
Application running ...
Build target 'Target 1'
compiling work.c...
..\APP\work.c(122): warning:  #550-D: variable "PIT_pout" was set but never used
..\APP\work.c(122): warning:  #550-D: variable "PIT_dout" was set but never used
..\APP\work.c(123): warning:  #177-D: variable "PID_PITOUT" was declared but never referenced
linking...
Program Size: Code=35334 RO-data=5722 RW-data=1444 ZI-data=1732  
FromELF: creating hex file...
".\USART.axf" - 0 Errors, 3 Warning(s).
Build target 'Target 1'
compiling work.c...
..\APP\work.c(122): warning:  #550-D: variable "PIT_pout" was set but never used
..\APP\work.c(122): warning:  #550-D: variable "PIT_dout" was set but never used
..\APP\work.c(123): warning:  #177-D: variable "PID_PITOUT" was declared but never referenced
linking...
Program Size: Code=35334 RO-data=5722 RW-data=1444 ZI-data=1732  
FromELF: creating hex file...
".\USART.axf" - 0 Errors, 3 Warning(s).
Load "C:\\Users\\Administrator\\Desktop\\新建文件夹\\电设流风机\\STM32-DMP移植\\USER\\USART.axf" 
Full Chip Erase Done.
Programming Done.
Verify OK.
Application running ...
Build target 'Target 1'
linking...
Program Size: Code=35334 RO-data=5722 RW-data=1444 ZI-data=1732  
FromELF: creating hex file...
".\USART.axf" - 0 Errors, 0 Warning(s).
Load "C:\\Users\\Administrator\\Desktop\\新建文件夹\\电设流风机\\STM32-DMP移植\\USER\\USART.axf" 
Full Chip Erase Done.
Programming Done.
Verify OK.
Application running ...
Build target 'Target 1'
compiling work.c...
linking...
Program Size: Code=35450 RO-data=5726 RW-data=1516 ZI-data=1732  
FromELF: creating hex file...
".\USART.axf" - 0 Errors, 0 Warning(s).
Load "C:\\Users\\Administrator\\Desktop\\新建文件夹\\电设流风机\\STM32-DMP移植\\USER\\USART.axf" 
Full Chip Erase Done.
Programming Done.
Verify OK.
Application running ...
Build target 'Target 1'
compiling work.c...
linking...
Program Size: Code=35450 RO-data=5726 RW-data=1516 ZI-data=1732  
FromELF: creating hex file...
".\USART.axf" - 0 Errors, 0 Warning(s).
Load "C:\\Users\\Administrator\\Desktop\\新建文件夹\\电设流风机\\STM32-DMP移植\\USER\\USART.axf" 
Full Chip Erase Done.
Programming Done.
Verify OK.
Application running ...
Build target 'Target 1'
compiling work.c...
linking...
Program Size: Code=35450 RO-data=5726 RW-data=1516 ZI-data=1732  
FromELF: creating hex file...
".\USART.axf" - 0 Errors, 0 Warning(s).
Load "C:\\Users\\Administrator\\Desktop\\新建文件夹\\电设流风机\\STM32-DMP移植\\USER\\USART.axf" 
Full Chip Erase Done.
Programming Done.
Verify OK.
Application running ...
Load "C:\\Users\\Administrator\\Desktop\\新建文件夹\\电设流风机\\STM32-DMP移植\\USER\\USART.axf" 
Full Chip Erase Done.
Programming Done.
Verify OK.
Application running ...
Build target 'Target 1'
compiling work.c...
linking...
Program Size: Code=35450 RO-data=5726 RW-data=1516 ZI-data=1732  
FromELF: creating hex file...
".\USART.axf" - 0 Errors, 0 Warning(s).
Load "C:\\Users\\Administrator\\Desktop\\新建文件夹\\电设流风机\\STM32-DMP移植\\USER\\USART.axf" 
Full Chip Erase Done.
Programming Done.
Verify OK.
Application running ...
Build target 'Target 1'
compiling work.c...
linking...
Program Size: Code=35450 RO-data=5726 RW-data=1516 ZI-data=1732  
FromELF: creating hex file...
".\USART.axf" - 0 Errors, 0 Warning(s).
Load "C:\\Users\\Administrator\\Desktop\\新建文件夹\\电设流风机\\STM32-DMP移植\\USER\\USART.axf" 
Full Chip Erase Done.
Programming Done.
Verify OK.
Application running ...
Build target 'Target 1'
compiling work.c...
linking...
Program Size: Code=35450 RO-data=5726 RW-data=1516 ZI-data=1732  
FromELF: creating hex file...
".\USART.axf" - 0 Errors, 0 Warning(s).
Load "C:\\Users\\Administrator\\Desktop\\新建文件夹\\电设流风机\\STM32-DMP移植\\USER\\USART.axf" 
Full Chip Erase Done.
Programming Done.
Verify OK.
Application running ...
Build target 'Target 1'
compiling work.c...
linking...
Program Size: Code=35450 RO-data=5726 RW-data=1516 ZI-data=1732  
FromELF: creating hex file...
".\USART.axf" - 0 Errors, 0 Warning(s).
Load "C:\\Users\\Administrator\\Desktop\\新建文件夹\\电设流风机\\STM32-DMP移植\\USER\\USART.axf" 
Full Chip Erase Done.
Programming Done.
Verify OK.
Application running ...
Build target 'Target 1'
compiling work.c...
linking...
Program Size: Code=35450 RO-data=5726 RW-data=1516 ZI-data=1732  
FromELF: creating hex file...
".\USART.axf" - 0 Errors, 0 Warning(s).
Load "C:\\Users\\Administrator\\Desktop\\新建文件夹\\电设流风机\\STM32-DMP移植\\USER\\USART.axf" 
Full Chip Erase Done.
Programming Done.
Verify OK.
Application running ...
Build target 'Target 1'
compiling work.c...
linking...
Program Size: Code=35494 RO-data=5722 RW-data=1516 ZI-data=1732  
FromELF: creating hex file...
".\USART.axf" - 0 Errors, 0 Warning(s).
Load "C:\\Users\\Administrator\\Desktop\\新建文件夹\\电设流风机\\STM32-DMP移植\\USER\\USART.axf" 
Full Chip Erase Done.
Programming Done.
Verify OK.
Application running ...
Build target 'Target 1'
compiling work.c...
linking...
Program Size: Code=35494 RO-data=5722 RW-data=1516 ZI-data=1732  
FromELF: creating hex file...
".\USART.axf" - 0 Errors, 0 Warning(s).
Load "C:\\Users\\Administrator\\Desktop\\新建文件夹\\电设流风机\\STM32-DMP移植\\USER\\USART.axf" 
Full Chip Erase Done.
Programming Done.
Verify OK.
Application running ...
Build target 'Target 1'
compiling work.c...
linking...
Program Size: Code=35494 RO-data=5722 RW-data=1516 ZI-data=1732  
FromELF: creating hex file...
".\USART.axf" - 0 Errors, 0 Warning(s).
Load "C:\\Users\\Administrator\\Desktop\\新建文件夹\\电设流风机\\STM32-DMP移植\\USER\\USART.axf" 
Full Chip Erase Done.
Programming Done.
Verify OK.
Application running ...
Build target 'Target 1'
compiling work.c...
linking...
Program Size: Code=35542 RO-data=5722 RW-data=1516 ZI-data=1732  
FromELF: creating hex file...
".\USART.axf" - 0 Errors, 0 Warning(s).
Load "C:\\Users\\Administrator\\Desktop\\新建文件夹\\电设流风机\\STM32-DMP移植\\USER\\USART.axf" 
Full Chip Erase Done.
Programming Done.
Verify OK.
Application running ...
Build target 'Target 1'
compiling work.c...
linking...
Program Size: Code=35630 RO-data=5722 RW-data=1516 ZI-data=1732  
FromELF: creating hex file...
".\USART.axf" - 0 Errors, 0 Warning(s).
Load "C:\\Users\\Administrator\\Desktop\\新建文件夹\\电设流风机\\STM32-DMP移植\\USER\\USART.axf" 
Full Chip Erase Done.
Programming Done.
Verify OK.
Application running ...
Load "C:\\Users\\Administrator\\Desktop\\新建文件夹\\电设流风机\\STM32-DMP移植\\USER\\USART.axf" 
Full Chip Erase Done.
Programming Done.
Verify OK.
Application running ...
Build target 'Target 1'
compiling work.c...
linking...
Program Size: Code=35462 RO-data=5722 RW-data=1516 ZI-data=1732  
FromELF: creating hex file...
".\USART.axf" - 0 Errors, 0 Warning(s).
Load "C:\\Users\\Administrator\\Desktop\\新建文件夹\\电设流风机\\STM32-DMP移植\\USER\\USART.axf" 
Full Chip Erase Done.
Programming Done.
Verify OK.
Application running ...
Build target 'Target 1'
compiling work.c...
linking...
Program Size: Code=35674 RO-data=5726 RW-data=1516 ZI-data=1732  
FromELF: creating hex file...
".\USART.axf" - 0 Errors, 0 Warning(s).
Load "C:\\Users\\Administrator\\Desktop\\新建文件夹\\电设流风机\\STM32-DMP移植\\USER\\USART.axf" 
Full Chip Erase Done.
Programming Done.
Verify OK.
Application running ...
Build target 'Target 1'
compiling work.c...
linking...
Program Size: Code=35462 RO-data=5722 RW-data=1516 ZI-data=1732  
FromELF: creating hex file...
".\USART.axf" - 0 Errors, 0 Warning(s).
Load "C:\\Users\\Administrator\\Desktop\\新建文件夹\\电设流风机\\STM32-DMP移植\\USER\\USART.axf" 
Full Chip Erase Done.
Programming Done.
Verify OK.
Application running ...
Build target 'Target 1'
compiling work.c...
linking...
Program Size: Code=35538 RO-data=5726 RW-data=1520 ZI-data=1728  
FromELF: creating hex file...
".\USART.axf" - 0 Errors, 0 Warning(s).
Load "C:\\Users\\Administrator\\Desktop\\新建文件夹\\电设流风机\\STM32-DMP移植\\USER\\USART.axf" 
Full Chip Erase Done.
Programming Done.
Verify OK.
Application running ...
Build target 'Target 1'
compiling work.c...
linking...
Program Size: Code=35538 RO-data=5726 RW-data=1520 ZI-data=1728  
FromELF: creating hex file...
".\USART.axf" - 0 Errors, 0 Warning(s).
Build target 'Target 1'
compiling work.c...
linking...
Program Size: Code=35538 RO-data=5726 RW-data=1520 ZI-data=1728  
FromELF: creating hex file...
".\USART.axf" - 0 Errors, 0 Warning(s).
Load "C:\\Users\\Administrator\\Desktop\\新建文件夹\\电设流风机\\STM32-DMP移植\\USER\\USART.axf" 
Full Chip Erase Done.
Programming Done.
Verify OK.
Application running ...
Build target 'Target 1'
compiling work.c...
linking...
Program Size: Code=35538 RO-data=5726 RW-data=1520 ZI-data=1728  
FromELF: creating hex file...
".\USART.axf" - 0 Errors, 0 Warning(s).
Load "C:\\Users\\Administrator\\Desktop\\新建文件夹\\电设流风机\\STM32-DMP移植\\USER\\USART.axf" 
Full Chip Erase Done.
Programming Done.
Verify OK.
Application running ...
Build target 'Target 1'
compiling work.c...
linking...
Program Size: Code=35538 RO-data=5726 RW-data=1520 ZI-data=1728  
FromELF: creating hex file...
".\USART.axf" - 0 Errors, 0 Warning(s).
Load "C:\\Users\\Administrator\\Desktop\\新建文件夹\\电设流风机\\STM32-DMP移植\\USER\\USART.axf" 
Full Chip Erase Done.
Programming Done.
Verify OK.
Application running ...
Build target 'Target 1'
compiling work.c...
linking...
Program Size: Code=35534 RO-data=5722 RW-data=1520 ZI-data=1728  
FromELF: creating hex file...
".\USART.axf" - 0 Errors, 0 Warning(s).
Load "C:\\Users\\Administrator\\Desktop\\新建文件夹\\电设流风机\\STM32-DMP移植\\USER\\USART.axf" 
Full Chip Erase Done.
Programming Done.
Verify OK.
Application running ...
Build target 'Target 1'
compiling work.c...
linking...
Program Size: Code=35534 RO-data=5722 RW-data=1520 ZI-data=1728  
FromELF: creating hex file...
".\USART.axf" - 0 Errors, 0 Warning(s).
Load "C:\\Users\\Administrator\\Desktop\\新建文件夹\\电设流风机\\STM32-DMP移植\\USER\\USART.axf" 
Full Chip Erase Done.
Programming Done.
Verify OK.
Application running ...
Build target 'Target 1'
compiling work.c...
linking...
Program Size: Code=35526 RO-data=5722 RW-data=1520 ZI-data=1728  
FromELF: creating hex file...
".\USART.axf" - 0 Errors, 0 Warning(s).
Load "C:\\Users\\Administrator\\Desktop\\新建文件夹\\电设流风机\\STM32-DMP移植\\USER\\USART.axf" 
Full Chip Erase Done.
Programming Done.
Verify OK.
Application running ...
Build target 'Target 1'
compiling work.c...
linking...
Program Size: Code=35530 RO-data=5726 RW-data=1520 ZI-data=1728  
FromELF: creating hex file...
".\USART.axf" - 0 Errors, 0 Warning(s).
Load "C:\\Users\\Administrator\\Desktop\\新建文件夹\\电设流风机\\STM32-DMP移植\\USER\\USART.axf" 
Full Chip Erase Done.
Programming Done.
Verify OK.
Application running ...
Build target 'Target 1'
compiling work.c...
linking...
Program Size: Code=35530 RO-data=5726 RW-data=1520 ZI-data=1728  
FromELF: creating hex file...
".\USART.axf" - 0 Errors, 0 Warning(s).
Load "C:\\Users\\Administrator\\Desktop\\新建文件夹\\电设流风机\\STM32-DMP移植\\USER\\USART.axf" 
Full Chip Erase Done.
Programming Done.
Verify OK.
Application running ...
Build target 'Target 1'
compiling work.c...
linking...
Program Size: Code=35530 RO-data=5726 RW-data=1520 ZI-data=1728  
FromELF: creating hex file...
".\USART.axf" - 0 Errors, 0 Warning(s).
Load "C:\\Users\\Administrator\\Desktop\\新建文件夹\\电设流风机\\STM32-DMP移植\\USER\\USART.axf" 
Full Chip Erase Done.
Programming Done.
Verify OK.
Application running ...
Build target 'Target 1'
compiling work.c...
linking...
Program Size: Code=35530 RO-data=5726 RW-data=1520 ZI-data=1728  
FromELF: creating hex file...
".\USART.axf" - 0 Errors, 0 Warning(s).
Load "C:\\Users\\Administrator\\Desktop\\新建文件夹\\电设流风机\\STM32-DMP移植\\USER\\USART.axf" 
Full Chip Erase Done.
Programming Done.
Verify OK.
Application running ...
Build target 'Target 1'
compiling work.c...
linking...
Program Size: Code=35530 RO-data=5726 RW-data=1520 ZI-data=1728  
FromELF: creating hex file...
".\USART.axf" - 0 Errors, 0 Warning(s).
Load "C:\\Users\\Administrator\\Desktop\\新建文件夹\\电设流风机\\STM32-DMP移植\\USER\\USART.axf" 
Full Chip Erase Done.
Programming Done.
Verify OK.
Application running ...
Build target 'Target 1'
compiling work.c...
linking...
Program Size: Code=35526 RO-data=5722 RW-data=1520 ZI-data=1728  
FromELF: creating hex file...
".\USART.axf" - 0 Errors, 0 Warning(s).
Load "C:\\Users\\Administrator\\Desktop\\新建文件夹\\电设流风机\\STM32-DMP移植\\USER\\USART.axf" 
Full Chip Erase Done.
Programming Done.
Verify OK.
Application running ...
Build target 'Target 1'
compiling work.c...
linking...
Program Size: Code=35530 RO-data=5726 RW-data=1520 ZI-data=1728  
FromELF: creating hex file...
".\USART.axf" - 0 Errors, 0 Warning(s).
Load "C:\\Users\\Administrator\\Desktop\\新建文件夹\\电设流风机\\STM32-DMP移植\\USER\\USART.axf" 
Full Chip Erase Done.
Programming Done.
Verify OK.
Application running ...
Build target 'Target 1'
compiling work.c...
linking...
Program Size: Code=35530 RO-data=5726 RW-data=1520 ZI-data=1728  
FromELF: creating hex file...
".\USART.axf" - 0 Errors, 0 Warning(s).
Load "C:\\Users\\Administrator\\Desktop\\新建文件夹\\电设流风机\\STM32-DMP移植\\USER\\USART.axf" 
Full Chip Erase Done.
Programming Done.
Verify OK.
Application running ...
Build target 'Target 1'
compiling work.c...
linking...
Program Size: Code=35530 RO-data=5726 RW-data=1520 ZI-data=1728  
FromELF: creating hex file...
".\USART.axf" - 0 Errors, 0 Warning(s).
Load "C:\\Users\\Administrator\\Desktop\\新建文件夹\\电设流风机\\STM32-DMP移植\\USER\\USART.axf" 
Full Chip Erase Done.
Programming Done.
Verify OK.
Application running ...
Load "C:\\Users\\Administrator\\Desktop\\新建文件夹\\电设流风机\\STM32-DMP移植\\USER\\USART.axf" 
Full Chip Erase Done.
Programming Done.
Verify OK.
Application running ...
Build target 'Target 1'
compiling work.c...
linking...
Program Size: Code=35534 RO-data=5722 RW-data=1520 ZI-data=1728  
FromELF: creating hex file...
".\USART.axf" - 0 Errors, 0 Warning(s).
Build target 'Target 1'
compiling work.c...
linking...
Program Size: Code=35554 RO-data=5726 RW-data=1520 ZI-data=1728  
FromELF: creating hex file...
".\USART.axf" - 0 Errors, 0 Warning(s).
Load "C:\\Users\\Administrator\\Desktop\\新建文件夹\\电设流风机\\STM32-DMP移植\\USER\\USART.axf" 
Full Chip Erase Done.
Programming Done.
Verify OK.
Application running ...
Build target 'Target 1'
compiling work.c...
linking...
Program Size: Code=35550 RO-data=5722 RW-data=1520 ZI-data=1728  
FromELF: creating hex file...
".\USART.axf" - 0 Errors, 0 Warning(s).
Load "C:\\Users\\Administrator\\Desktop\\新建文件夹\\电设流风机\\STM32-DMP移植\\USER\\USART.axf" 
Full Chip Erase Done.
Programming Done.
Verify OK.
Application running ...
Build target 'Target 1'
compiling work.c...
linking...
Program Size: Code=35462 RO-data=5722 RW-data=1520 ZI-data=1728  
FromELF: creating hex file...
".\USART.axf" - 0 Errors, 0 Warning(s).
Load "C:\\Users\\Administrator\\Desktop\\新建文件夹\\电设流风机\\STM32-DMP移植\\USER\\USART.axf" 
Full Chip Erase Done.
Programming Done.
Verify OK.
Application running ...
Build target 'Target 1'
compiling work.c...
linking...
Program Size: Code=35594 RO-data=5726 RW-data=1520 ZI-data=1728  
FromELF: creating hex file...
".\USART.axf" - 0 Errors, 0 Warning(s).
Load "C:\\Users\\Administrator\\Desktop\\新建文件夹\\电设流风机\\STM32-DMP移植\\USER\\USART.axf" 
Full Chip Erase Done.
Programming Done.
Verify OK.
Application running ...
Build target 'Target 1'
compiling work.c...
linking...
Program Size: Code=35642 RO-data=5726 RW-data=1520 ZI-data=1728  
FromELF: creating hex file...
".\USART.axf" - 0 Errors, 0 Warning(s).
Load "C:\\Users\\Administrator\\Desktop\\新建文件夹\\电设流风机\\STM32-DMP移植\\USER\\USART.axf" 
Full Chip Erase Done.
Programming Done.
Verify OK.
Application running ...
Build target 'Target 1'
compiling work.c...
linking...
Program Size: Code=35642 RO-data=5726 RW-data=1520 ZI-data=1728  
FromELF: creating hex file...
".\USART.axf" - 0 Errors, 0 Warning(s).
Load "C:\\Users\\Administrator\\Desktop\\新建文件夹\\电设流风机\\STM32-DMP移植\\USER\\USART.axf" 
Full Chip Erase Done.
Programming Done.
Verify OK.
Application running ...
Build target 'Target 1'
compiling work.c...
linking...
Program Size: Code=35554 RO-data=5726 RW-data=1520 ZI-data=1728  
FromELF: creating hex file...
".\USART.axf" - 0 Errors, 0 Warning(s).
Load "C:\\Users\\Administrator\\Desktop\\新建文件夹\\电设流风机\\STM32-DMP移植\\USER\\USART.axf" 
Full Chip Erase Done.
Programming Done.
Verify OK.
Application running ...
Build target 'Target 1'
compiling work.c...
linking...
Program Size: Code=35550 RO-data=5722 RW-data=1520 ZI-data=1728  
FromELF: creating hex file...
".\USART.axf" - 0 Errors, 0 Warning(s).
Load "C:\\Users\\Administrator\\Desktop\\新建文件夹\\电设流风机\\STM32-DMP移植\\USER\\USART.axf" 
Full Chip Erase Done.
Programming Done.
Verify OK.
Application running ...
Load "C:\\Users\\Administrator\\Desktop\\新建文件夹\\电设流风机\\STM32-DMP移植\\USER\\USART.axf" 
Full Chip Erase Done.
Programming Done.
Verify OK.
Application running ...
Build target 'Target 1'
compiling work.c...
linking...
Program Size: Code=35642 RO-data=5726 RW-data=1520 ZI-data=1728  
FromELF: creating hex file...
".\USART.axf" - 0 Errors, 0 Warning(s).
Load "C:\\Users\\Administrator\\Desktop\\新建文件夹\\电设流风机\\STM32-DMP移植\\USER\\USART.axf" 
Full Chip Erase Done.
Programming Done.
Verify OK.
Application running ...
Build target 'Target 1'
compiling work.c...
linking...
Program Size: Code=35550 RO-data=5722 RW-data=1520 ZI-data=1728  
FromELF: creating hex file...
".\USART.axf" - 0 Errors, 0 Warning(s).
Load "C:\\Users\\Administrator\\Desktop\\新建文件夹\\电设流风机\\STM32-DMP移植\\USER\\USART.axf" 
Full Chip Erase Done.
Programming Done.
Verify OK.
Application running ...
Build target 'Target 1'
compiling work.c...
linking...
Program Size: Code=35710 RO-data=5722 RW-data=1520 ZI-data=1728  
FromELF: creating hex file...
".\USART.axf" - 0 Errors, 0 Warning(s).
Load "C:\\Users\\Administrator\\Desktop\\新建文件夹\\电设流风机\\STM32-DMP移植\\USER\\USART.axf" 
Full Chip Erase Done.
Programming Done.
Verify OK.
Application running ...
Build target 'Target 1'
compiling work.c...
linking...
Program Size: Code=35714 RO-data=5726 RW-data=1520 ZI-data=1728  
FromELF: creating hex file...
".\USART.axf" - 0 Errors, 0 Warning(s).
Load "C:\\Users\\Administrator\\Desktop\\新建文件夹\\电设流风机\\STM32-DMP移植\\USER\\USART.axf" 
Full Chip Erase Done.
Programming Done.
Verify OK.
Application running ...
Build target 'Target 1'
compiling work.c...
linking...
Program Size: Code=35722 RO-data=5726 RW-data=1520 ZI-data=1728  
FromELF: creating hex file...
".\USART.axf" - 0 Errors, 0 Warning(s).
Load "C:\\Users\\Administrator\\Desktop\\新建文件夹\\电设流风机\\STM32-DMP移植\\USER\\USART.axf" 
Full Chip Erase Done.
Programming Done.
Verify OK.
Application running ...
Build target 'Target 1'
compiling work.c...
linking...
Program Size: Code=35722 RO-data=5726 RW-data=1520 ZI-data=1728  
FromELF: creating hex file...
".\USART.axf" - 0 Errors, 0 Warning(s).
Load "C:\\Users\\Administrator\\Desktop\\新建文件夹\\电设流风机\\STM32-DMP移植\\USER\\USART.axf" 
Full Chip Erase Done.
Programming Done.
Verify OK.
Application running ...
Build target 'Target 1'
compiling work.c...
linking...
Program Size: Code=35726 RO-data=5722 RW-data=1520 ZI-data=1728  
FromELF: creating hex file...
".\USART.axf" - 0 Errors, 0 Warning(s).
Load "C:\\Users\\Administrator\\Desktop\\新建文件夹\\电设流风机\\STM32-DMP移植\\USER\\USART.axf" 
Full Chip Erase Done.
Programming Done.
Verify OK.
Application running ...
Load "C:\\Users\\Administrator\\Desktop\\新建文件夹\\电设流风机\\STM32-DMP移植\\USER\\USART.axf" 
Full Chip Erase Done.
Programming Done.
Verify OK.
Application running ...
Build target 'Target 1'
compiling work.c...
linking...
Program Size: Code=35726 RO-data=5722 RW-data=1520 ZI-data=1728  
FromELF: creating hex file...
".\USART.axf" - 0 Errors, 0 Warning(s).
Load "C:\\Users\\Administrator\\Desktop\\新建文件夹\\电设流风机\\STM32-DMP移植\\USER\\USART.axf" 
Full Chip Erase Done.
Programming Done.
Verify OK.
Application running ...
Build target 'Target 1'
compiling work.c...
linking...
Program Size: Code=35718 RO-data=5722 RW-data=1520 ZI-data=1728  
FromELF: creating hex file...
".\USART.axf" - 0 Errors, 0 Warning(s).
Load "C:\\Users\\Administrator\\Desktop\\新建文件夹\\电设流风机\\STM32-DMP移植\\USER\\USART.axf" 
Full Chip Erase Done.
Programming Done.
Verify OK.
Application running ...
Build target 'Target 1'
compiling work.c...
linking...
Program Size: Code=35826 RO-data=5726 RW-data=1520 ZI-data=1728  
FromELF: creating hex file...
".\USART.axf" - 0 Errors, 0 Warning(s).
Load "C:\\Users\\Administrator\\Desktop\\新建文件夹\\电设流风机\\STM32-DMP移植\\USER\\USART.axf" 
Full Chip Erase Done.
Programming Done.
Verify OK.
Application running ...
Build target 'Target 1'
compiling work.c...
linking...
Program Size: Code=35830 RO-data=5722 RW-data=1520 ZI-data=1728  
FromELF: creating hex file...
".\USART.axf" - 0 Errors, 0 Warning(s).
Load "C:\\Users\\Administrator\\Desktop\\新建文件夹\\电设流风机\\STM32-DMP移植\\USER\\USART.axf" 
Full Chip Erase Done.
Programming Done.
Verify OK.
Application running ...
Build target 'Target 1'
compiling work.c...
linking...
Program Size: Code=35830 RO-data=5722 RW-data=1520 ZI-data=1728  
FromELF: creating hex file...
".\USART.axf" - 0 Errors, 0 Warning(s).
Load "C:\\Users\\Administrator\\Desktop\\新建文件夹\\电设流风机\\STM32-DMP移植\\USER\\USART.axf" 
Full Chip Erase Done.
Programming Done.
Verify OK.
Application running ...
Build target 'Target 1'
compiling work.c...
linking...
Program Size: Code=35854 RO-data=5722 RW-data=1520 ZI-data=1728  
FromELF: creating hex file...
".\USART.axf" - 0 Errors, 0 Warning(s).
Load "C:\\Users\\Administrator\\Desktop\\新建文件夹\\电设流风机\\STM32-DMP移植\\USER\\USART.axf" 
Full Chip Erase Done.
Programming Done.
Verify OK.
Application running ...
Build target 'Target 1'
compiling work.c...
..\APP\work.c(115): warning:  #767-D: conversion from pointer to smaller integer
linking...
Program Size: Code=37762 RO-data=6014 RW-data=1524 ZI-data=1732  
FromELF: creating hex file...
".\USART.axf" - 0 Errors, 1 Warning(s).
Build target 'Target 1'
linking...
Program Size: Code=37762 RO-data=6014 RW-data=1524 ZI-data=1732  
FromELF: creating hex file...
".\USART.axf" - 0 Errors, 0 Warning(s).
Load "C:\\Users\\Administrator\\Desktop\\新建文件夹\\电设流风机\\STM32-DMP移植\\USER\\USART.axf" 
Full Chip Erase Done.
Programming Done.
Verify OK.
Application running ...
Load "C:\\Users\\Administrator\\Desktop\\新建文件夹\\电设流风机\\STM32-DMP移植\\USER\\USART.axf" 
Full Chip Erase Done.
Programming Done.
Verify OK.
Application running ...
Build target 'Target 1'
compiling work.c...
..\APP\work.c(115): warning:  #767-D: conversion from pointer to smaller integer
..\APP\work.c(136): error:  #65: expected a ";"
".\USART.axf" - 1 Errors, 1 Warning(s).
Target not created
Rebuild target 'Target 1'
compiling main.c...
compiling stm32f10x_it.c...
compiling system_stm32f10x.c...
compiling delay.c...
compiling sys.c...
compiling usart.c...
compiling core_cm3.c...
assembling startup_stm32f10x_md.s...
compiling misc.c...
compiling stm32f10x_gpio.c...
compiling stm32f10x_rcc.c...
compiling stm32f10x_tim.c...
compiling stm32f10x_usart.c...
compiling stm32f10x_i2c.c...
compiling stm32f10x_flash.c...
compiling anbt_dmp_driver.c...
compiling anbt_dmp_mpu6050.c...
compiling anbt_i2c.c...
compiling motor.c...
compiling led.c...
compiling control.c...
compiling OLED_I2C.c...
compiling stmflash.c...
compiling bsp_key.c...
compiling OLED_display.c...
compiling work.c...
..\APP\work.c(115): warning:  #767-D: conversion from pointer to smaller integer
compiling imu.c...
compiling systime.c...
linking...
Program Size: Code=37094 RO-data=5754 RW-data=1524 ZI-data=1732  
FromELF: creating hex file...
".\USART.axf" - 0 Errors, 1 Warning(s).
Load "C:\\Users\\Administrator\\Desktop\\新建文件夹\\电设流风机\\STM32-DMP移植\\USER\\USART.axf" 
Full Chip Erase Done.
Programming Done.
Verify OK.
Application running ...
Build target 'Target 1'
compiling work.c...
linking...
Program Size: Code=37154 RO-data=5758 RW-data=1524 ZI-data=1732  
FromELF: creating hex file...
".\USART.axf" - 0 Errors, 0 Warning(s).
Load "C:\\Users\\Administrator\\Desktop\\新建文件夹\\电设流风机\\STM32-DMP移植\\USER\\USART.axf" 
Full Chip Erase Done.
Programming Done.
Verify OK.
Application running ...
Build target 'Target 1'
compiling work.c...
linking...
Program Size: Code=37098 RO-data=5758 RW-data=1536 ZI-data=1728  
FromELF: creating hex file...
".\USART.axf" - 0 Errors, 0 Warning(s).
Load "C:\\Users\\Administrator\\Desktop\\新建文件夹\\电设流风机\\STM32-DMP移植\\USER\\USART.axf" 
Full Chip Erase Done.
Programming Done.
Verify OK.
Application running ...
Build target 'Target 1'
compiling work.c...
linking...
Program Size: Code=37274 RO-data=5758 RW-data=1540 ZI-data=1732  
FromELF: creating hex file...
".\USART.axf" - 0 Errors, 0 Warning(s).
Build target 'Target 1'
compiling work.c...
linking...
Program Size: Code=37282 RO-data=5758 RW-data=1540 ZI-data=1732  
FromELF: creating hex file...
".\USART.axf" - 0 Errors, 0 Warning(s).
Load "C:\\Users\\Administrator\\Desktop\\新建文件夹\\电设流风机\\STM32-DMP移植\\USER\\USART.axf" 
Full Chip Erase Done.
Programming Done.
Verify OK.
Application running ...
Build target 'Target 1'
compiling work.c...
linking...
Program Size: Code=39942 RO-data=5890 RW-data=1540 ZI-data=1732  
FromELF: creating hex file...
".\USART.axf" - 0 Errors, 0 Warning(s).
Load "C:\\Users\\Administrator\\Desktop\\新建文件夹\\电设流风机\\STM32-DMP移植\\USER\\USART.axf" 
Full Chip Erase Done.
Programming Done.
Verify OK.
Application running ...
Build target 'Target 1'
compiling work.c...
linking...
Program Size: Code=39958 RO-data=5890 RW-data=1540 ZI-data=1732  
FromELF: creating hex file...
".\USART.axf" - 0 Errors, 0 Warning(s).
Load "C:\\Users\\Administrator\\Desktop\\新建文件夹\\电设流风机\\STM32-DMP移植\\USER\\USART.axf" 
Full Chip Erase Done.
Programming Done.
Verify OK.
Application running ...
Build target 'Target 1'
compiling work.c...
linking...
Program Size: Code=37398 RO-data=5754 RW-data=1540 ZI-data=1732  
FromELF: creating hex file...
".\USART.axf" - 0 Errors, 0 Warning(s).
Load "C:\\Users\\Administrator\\Desktop\\新建文件夹\\电设流风机\\STM32-DMP移植\\USER\\USART.axf" 
Full Chip Erase Done.
Programming Done.
Verify OK.
Application running ...
Build target 'Target 1'
compiling work.c...
linking...
Program Size: Code=37338 RO-data=5758 RW-data=1540 ZI-data=1732  
FromELF: creating hex file...
".\USART.axf" - 0 Errors, 0 Warning(s).
Load "C:\\Users\\Administrator\\Desktop\\新建文件夹\\电设流风机\\STM32-DMP移植\\USER\\USART.axf" 
Full Chip Erase Done.
Programming Done.
Verify OK.
Application running ...
Build target 'Target 1'
compiling work.c...
linking...
Program Size: Code=37354 RO-data=5758 RW-data=1540 ZI-data=1732  
FromELF: creating hex file...
".\USART.axf" - 0 Errors, 0 Warning(s).
Load "C:\\Users\\Administrator\\Desktop\\新建文件夹\\电设流风机\\STM32-DMP移植\\USER\\USART.axf" 
Full Chip Erase Done.
Programming Done.
Verify OK.
Application running ...
Build target 'Target 1'
compiling work.c...
linking...
Program Size: Code=37354 RO-data=5758 RW-data=1540 ZI-data=1732  
FromELF: creating hex file...
".\USART.axf" - 0 Errors, 0 Warning(s).
Load "C:\\Users\\Administrator\\Desktop\\新建文件夹\\电设流风机\\STM32-DMP移植\\USER\\USART.axf" 
Full Chip Erase Done.
Programming Done.
Verify OK.
Application running ...
Build target 'Target 1'
compiling work.c...
linking...
Program Size: Code=37358 RO-data=5754 RW-data=1540 ZI-data=1732  
FromELF: creating hex file...
".\USART.axf" - 0 Errors, 0 Warning(s).
Load "C:\\Users\\Administrator\\Desktop\\新建文件夹\\电设流风机\\STM32-DMP移植\\USER\\USART.axf" 
Full Chip Erase Done.
Programming Done.
Verify OK.
Application running ...
Build target 'Target 1'
compiling work.c...
linking...
Program Size: Code=37406 RO-data=5754 RW-data=1540 ZI-data=1732  
FromELF: creating hex file...
".\USART.axf" - 0 Errors, 0 Warning(s).
Load "C:\\Users\\Administrator\\Desktop\\新建文件夹\\电设流风机\\STM32-DMP移植\\USER\\USART.axf" 
Full Chip Erase Done.
Programming Done.
Verify OK.
Application running ...
Build target 'Target 1'
compiling work.c...
linking...
Program Size: Code=37406 RO-data=5754 RW-data=1540 ZI-data=1732  
FromELF: creating hex file...
".\USART.axf" - 0 Errors, 0 Warning(s).
Load "C:\\Users\\Administrator\\Desktop\\新建文件夹\\电设流风机\\STM32-DMP移植\\USER\\USART.axf" 
Full Chip Erase Done.
Programming Done.
Verify OK.
Application running ...
Build target 'Target 1'
compiling work.c...
linking...
Program Size: Code=37398 RO-data=5754 RW-data=1540 ZI-data=1732  
FromELF: creating hex file...
".\USART.axf" - 0 Errors, 0 Warning(s).
Load "C:\\Users\\Administrator\\Desktop\\新建文件夹\\电设流风机\\STM32-DMP移植\\USER\\USART.axf" 
Full Chip Erase Done.
Programming Done.
Verify OK.
Application running ...
Build target 'Target 1'
compiling work.c...
linking...
Program Size: Code=37394 RO-data=5758 RW-data=1540 ZI-data=1732  
FromELF: creating hex file...
".\USART.axf" - 0 Errors, 0 Warning(s).
Load "C:\\Users\\Administrator\\Desktop\\新建文件夹\\电设流风机\\STM32-DMP移植\\USER\\USART.axf" 
Full Chip Erase Done.
Programming Done.
Verify OK.
Application running ...
Build target 'Target 1'
compiling work.c...
linking...
Program Size: Code=37398 RO-data=5754 RW-data=1540 ZI-data=1732  
FromELF: creating hex file...
".\USART.axf" - 0 Errors, 0 Warning(s).
Load "C:\\Users\\Administrator\\Desktop\\新建文件夹\\电设流风机\\STM32-DMP移植\\USER\\USART.axf" 
Full Chip Erase Done.
Programming Done.
Verify OK.
Application running ...
Build target 'Target 1'
compiling work.c...
linking...
Program Size: Code=37394 RO-data=5758 RW-data=1540 ZI-data=1732  
FromELF: creating hex file...
".\USART.axf" - 0 Errors, 0 Warning(s).
Load "C:\\Users\\Administrator\\Desktop\\新建文件夹\\电设流风机\\STM32-DMP移植\\USER\\USART.axf" 
Full Chip Erase Done.
Programming Done.
Verify OK.
Application running ...
Build target 'Target 1'
compiling work.c...
linking...
Program Size: Code=37546 RO-data=5758 RW-data=1540 ZI-data=1732  
FromELF: creating hex file...
".\USART.axf" - 0 Errors, 0 Warning(s).
Load "C:\\Users\\Administrator\\Desktop\\新建文件夹\\电设流风机\\STM32-DMP移植\\USER\\USART.axf" 
Full Chip Erase Done.
Programming Done.
Verify OK.
Application running ...
Build target 'Target 1'
compiling work.c...
linking...
Program Size: Code=37546 RO-data=5758 RW-data=1540 ZI-data=1732  
FromELF: creating hex file...
".\USART.axf" - 0 Errors, 0 Warning(s).
Load "C:\\Users\\Administrator\\Desktop\\新建文件夹\\电设流风机\\STM32-DMP移植\\USER\\USART.axf" 
Full Chip Erase Done.
Programming Done.
Verify OK.
Application running ...
Build target 'Target 1'
compiling work.c...
linking...
Program Size: Code=37546 RO-data=5758 RW-data=1540 ZI-data=1732  
FromELF: creating hex file...
".\USART.axf" - 0 Errors, 0 Warning(s).
Load "C:\\Users\\Administrator\\Desktop\\新建文件夹\\电设流风机\\STM32-DMP移植\\USER\\USART.axf" 
Full Chip Erase Done.
Programming Done.
Verify OK.
Application running ...
Build target 'Target 1'
compiling work.c...
linking...
Program Size: Code=37538 RO-data=5758 RW-data=1540 ZI-data=1732  
FromELF: creating hex file...
".\USART.axf" - 0 Errors, 0 Warning(s).
Load "C:\\Users\\Administrator\\Desktop\\新建文件夹\\电设流风机\\STM32-DMP移植\\USER\\USART.axf" 
Full Chip Erase Done.
Programming Done.
Verify OK.
Application running ...
Build target 'Target 1'
compiling work.c...
linking...
Program Size: Code=37538 RO-data=5758 RW-data=1540 ZI-data=1732  
FromELF: creating hex file...
".\USART.axf" - 0 Errors, 0 Warning(s).
Build target 'Target 1'
linking...
Program Size: Code=37538 RO-data=5758 RW-data=1540 ZI-data=1732  
FromELF: creating hex file...
".\USART.axf" - 0 Errors, 0 Warning(s).
Load "C:\\Users\\Administrator\\Desktop\\新建文件夹\\电设流风机\\STM32-DMP移植\\USER\\USART.axf" 
Full Chip Erase Done.
Programming Done.
Verify OK.
Application running ...
Build target 'Target 1'
compiling work.c...
linking...
Program Size: Code=37378 RO-data=5758 RW-data=1540 ZI-data=1732  
FromELF: creating hex file...
".\USART.axf" - 0 Errors, 0 Warning(s).
Load "C:\\Users\\Administrator\\Desktop\\新建文件夹\\电设流风机\\STM32-DMP移植\\USER\\USART.axf" 
Full Chip Erase Done.
Programming Done.
Verify OK.
Application running ...
Build target 'Target 1'
compiling work.c...
linking...
Program Size: Code=37366 RO-data=5754 RW-data=1540 ZI-data=1732  
FromELF: creating hex file...
".\USART.axf" - 0 Errors, 0 Warning(s).
Load "C:\\Users\\Administrator\\Desktop\\新建文件夹\\电设流风机\\STM32-DMP移植\\USER\\USART.axf" 
Full Chip Erase Done.
Programming Done.
Verify OK.
Application running ...
Build target 'Target 1'
compiling work.c...
linking...
Program Size: Code=37366 RO-data=5754 RW-data=1540 ZI-data=1732  
FromELF: creating hex file...
".\USART.axf" - 0 Errors, 0 Warning(s).
Load "C:\\Users\\Administrator\\Desktop\\新建文件夹\\电设流风机\\STM32-DMP移植\\USER\\USART.axf" 
Full Chip Erase Done.
Programming Done.
Verify OK.
Application running ...
Build target 'Target 1'
compiling work.c...
linking...
Program Size: Code=37326 RO-data=5754 RW-data=1540 ZI-data=1732  
FromELF: creating hex file...
".\USART.axf" - 0 Errors, 0 Warning(s).
Load "C:\\Users\\Administrator\\Desktop\\新建文件夹\\电设流风机\\STM32-DMP移植\\USER\\USART.axf" 
Full Chip Erase Done.
Programming Done.
Verify OK.
Application running ...
Build target 'Target 1'
compiling work.c...
linking...
Program Size: Code=37326 RO-data=5754 RW-data=1540 ZI-data=1732  
FromELF: creating hex file...
".\USART.axf" - 0 Errors, 0 Warning(s).
Load "C:\\Users\\Administrator\\Desktop\\新建文件夹\\电设流风机\\STM32-DMP移植\\USER\\USART.axf" 
Full Chip Erase Done.
Programming Done.
Verify OK.
Application running ...
Build target 'Target 1'
compiling work.c...
linking...
Program Size: Code=37586 RO-data=5758 RW-data=1540 ZI-data=1732  
FromELF: creating hex file...
".\USART.axf" - 0 Errors, 0 Warning(s).
Load "C:\\Users\\Administrator\\Desktop\\新建文件夹\\电设流风机\\STM32-DMP移植\\USER\\USART.axf" 
Full Chip Erase Done.
Programming Done.
Verify OK.
Application running ...
Load "C:\\Users\\Administrator\\Desktop\\新建文件夹\\电设流风机\\STM32-DMP移植\\USER\\USART.axf" 
Full Chip Erase Done.
Programming Done.
Verify OK.
Application running ...
Build target 'Target 1'
compiling work.c...
linking...
Program Size: Code=37586 RO-data=5758 RW-data=1540 ZI-data=1732  
FromELF: creating hex file...
".\USART.axf" - 0 Errors, 0 Warning(s).
Load "C:\\Users\\Administrator\\Desktop\\新建文件夹\\电设流风机\\STM32-DMP移植\\USER\\USART.axf" 
Full Chip Erase Done.
Programming Done.
Verify OK.
Application running ...
Build target 'Target 1'
compiling work.c...
linking...
Program Size: Code=37586 RO-data=5758 RW-data=1540 ZI-data=1732  
FromELF: creating hex file...
".\USART.axf" - 0 Errors, 0 Warning(s).
Load "C:\\Users\\Administrator\\Desktop\\新建文件夹\\电设流风机\\STM32-DMP移植\\USER\\USART.axf" 
Full Chip Erase Done.
Programming Done.
Verify OK.
Application running ...
Build target 'Target 1'
compiling work.c...
linking...
Program Size: Code=37586 RO-data=5758 RW-data=1540 ZI-data=1732  
FromELF: creating hex file...
".\USART.axf" - 0 Errors, 0 Warning(s).
Load "C:\\Users\\Administrator\\Desktop\\新建文件夹\\电设流风机\\STM32-DMP移植\\USER\\USART.axf" 
Full Chip Erase Done.
Programming Done.
Verify OK.
Application running ...
Build target 'Target 1'
compiling work.c...
linking...
Program Size: Code=37586 RO-data=5758 RW-data=1540 ZI-data=1732  
FromELF: creating hex file...
".\USART.axf" - 0 Errors, 0 Warning(s).
Load "C:\\Users\\Administrator\\Desktop\\新建文件夹\\电设流风机\\STM32-DMP移植\\USER\\USART.axf" 
Full Chip Erase Done.
Programming Done.
Verify OK.
Application running ...
Build target 'Target 1'
compiling work.c...
linking...
Program Size: Code=37918 RO-data=5754 RW-data=1540 ZI-data=1732  
FromELF: creating hex file...
".\USART.axf" - 0 Errors, 0 Warning(s).
Load "C:\\Users\\Administrator\\Desktop\\新建文件夹\\电设流风机\\STM32-DMP移植\\USER\\USART.axf" 
Full Chip Erase Done.
Programming Done.
Verify OK.
Application running ...
Build target 'Target 1'
compiling work.c...
linking...
Program Size: Code=37802 RO-data=5758 RW-data=1540 ZI-data=1732  
FromELF: creating hex file...
".\USART.axf" - 0 Errors, 0 Warning(s).
Load "C:\\Users\\Administrator\\Desktop\\新建文件夹\\电设流风机\\STM32-DMP移植\\USER\\USART.axf" 
Full Chip Erase Done.
Programming Done.
Verify OK.
Application running ...
Build target 'Target 1'
compiling work.c...
linking...
Program Size: Code=37802 RO-data=5758 RW-data=1540 ZI-data=1732  
FromELF: creating hex file...
".\USART.axf" - 0 Errors, 0 Warning(s).
Load "C:\\Users\\Administrator\\Desktop\\新建文件夹\\电设流风机\\STM32-DMP移植\\USER\\USART.axf" 
Full Chip Erase Done.
Programming Done.
Verify OK.
Application running ...
Build target 'Target 1'
compiling work.c...
linking...
Program Size: Code=37802 RO-data=5758 RW-data=1540 ZI-data=1732  
FromELF: creating hex file...
".\USART.axf" - 0 Errors, 0 Warning(s).
Load "C:\\Users\\Administrator\\Desktop\\新建文件夹\\电设流风机\\STM32-DMP移植\\USER\\USART.axf" 
Full Chip Erase Done.
Programming Done.
Verify OK.
Application running ...
Build target 'Target 1'
compiling work.c...
linking...
Program Size: Code=37802 RO-data=5758 RW-data=1540 ZI-data=1732  
FromELF: creating hex file...
".\USART.axf" - 0 Errors, 0 Warning(s).
Build target 'Target 1'
compiling work.c...
linking...
Program Size: Code=37802 RO-data=5758 RW-data=1540 ZI-data=1732  
FromELF: creating hex file...
".\USART.axf" - 0 Errors, 0 Warning(s).
Load "C:\\Users\\Administrator\\Desktop\\新建文件夹\\电设流风机\\STM32-DMP移植\\USER\\USART.axf" 
Full Chip Erase Done.
Programming Done.
Verify OK.
Application running ...
Build target 'Target 1'
compiling work.c...
linking...
Program Size: Code=37694 RO-data=5754 RW-data=1540 ZI-data=1732  
FromELF: creating hex file...
".\USART.axf" - 0 Errors, 0 Warning(s).
Load "C:\\Users\\Administrator\\Desktop\\新建文件夹\\电设流风机\\STM32-DMP移植\\USER\\USART.axf" 
Full Chip Erase Done.
Programming Done.
Verify OK.
Application running ...
Build target 'Target 1'
compiling work.c...
linking...
Program Size: Code=37714 RO-data=5758 RW-data=1540 ZI-data=1732  
FromELF: creating hex file...
".\USART.axf" - 0 Errors, 0 Warning(s).
Load "C:\\Users\\Administrator\\Desktop\\新建文件夹\\电设流风机\\STM32-DMP移植\\USER\\USART.axf" 
Full Chip Erase Done.
Programming Done.
Verify OK.
Application running ...
Build target 'Target 1'
linking...
Program Size: Code=37714 RO-data=5758 RW-data=1540 ZI-data=1732  
FromELF: creating hex file...
".\USART.axf" - 0 Errors, 0 Warning(s).
Load "C:\\Users\\Administrator\\Desktop\\新建文件夹\\电设流风机\\STM32-DMP移植\\USER\\USART.axf" 
Full Chip Erase Done.
Programming Done.
Verify OK.
Application running ...
Build target 'Target 1'
compiling work.c...
linking...
Program Size: Code=37718 RO-data=5754 RW-data=1540 ZI-data=1732  
FromELF: creating hex file...
".\USART.axf" - 0 Errors, 0 Warning(s).
Build target 'Target 1'
linking...
Program Size: Code=37718 RO-data=5754 RW-data=1540 ZI-data=1732  
FromELF: creating hex file...
".\USART.axf" - 0 Errors, 0 Warning(s).
Build target 'Target 1'
compiling work.c...
linking...
Program Size: Code=37718 RO-data=5754 RW-data=1540 ZI-data=1732  
FromELF: creating hex file...
".\USART.axf" - 0 Errors, 0 Warning(s).
Load "C:\\Users\\Administrator\\Desktop\\新建文件夹\\电设流风机\\STM32-DMP移植\\USER\\USART.axf" 
Full Chip Erase Done.
Programming Done.
Verify OK.
Application running ...
Build target 'Target 1'
compiling work.c...
linking...
Program Size: Code=37750 RO-data=5754 RW-data=1540 ZI-data=1732  
FromELF: creating hex file...
".\USART.axf" - 0 Errors, 0 Warning(s).
Load "C:\\Users\\Administrator\\Desktop\\新建文件夹\\电设流风机\\STM32-DMP移植\\USER\\USART.axf" 
Full Chip Erase Done.
Programming Done.
Verify OK.
Application running ...
Build target 'Target 1'
compiling work.c...
linking...
Program Size: Code=37746 RO-data=5758 RW-data=1540 ZI-data=1732  
FromELF: creating hex file...
".\USART.axf" - 0 Errors, 0 Warning(s).
Load "C:\\Users\\Administrator\\Desktop\\新建文件夹\\电设流风机\\STM32-DMP移植\\USER\\USART.axf" 
Full Chip Erase Done.
Programming Done.
Verify OK.
Application running ...
Build target 'Target 1'
compiling work.c...
linking...
Program Size: Code=38262 RO-data=5754 RW-data=1540 ZI-data=1732  
FromELF: creating hex file...
".\USART.axf" - 0 Errors, 0 Warning(s).
Load "C:\\Users\\Administrator\\Desktop\\新建文件夹\\电设流风机\\STM32-DMP移植\\USER\\USART.axf" 
Full Chip Erase Done.
Programming Done.
Verify OK.
Application running ...
Build target 'Target 1'
compiling work.c...
linking...
Program Size: Code=38262 RO-data=5754 RW-data=1540 ZI-data=1732  
FromELF: creating hex file...
".\USART.axf" - 0 Errors, 0 Warning(s).
Load "C:\\Users\\Administrator\\Desktop\\新建文件夹\\电设流风机\\STM32-DMP移植\\USER\\USART.axf" 
Full Chip Erase Done.
Programming Done.
Verify OK.
Application running ...
Build target 'Target 1'
compiling work.c...
..\APP\work.c(141): warning:  #111-D: statement is unreachable
linking...
Program Size: Code=38270 RO-data=5754 RW-data=1540 ZI-data=1732  
FromELF: creating hex file...
".\USART.axf" - 0 Errors, 1 Warning(s).
Load "C:\\Users\\Administrator\\Desktop\\新建文件夹\\电设流风机\\STM32-DMP移植\\USER\\USART.axf" 
Full Chip Erase Done.
Programming Done.
Verify OK.
Application running ...
Build target 'Target 1'
compiling work.c...
..\APP\work.c(141): warning:  #111-D: statement is unreachable
linking...
Program Size: Code=38262 RO-data=5754 RW-data=1540 ZI-data=1732  
FromELF: creating hex file...
".\USART.axf" - 0 Errors, 1 Warning(s).
Build target 'Target 1'
compiling work.c...
..\APP\work.c(141): warning:  #111-D: statement is unreachable
linking...
Program Size: Code=38262 RO-data=5754 RW-data=1540 ZI-data=1732  
FromELF: creating hex file...
".\USART.axf" - 0 Errors, 1 Warning(s).
Load "C:\\Users\\Administrator\\Desktop\\新建文件夹\\电设流风机\\STM32-DMP移植\\USER\\USART.axf" 
Full Chip Erase Done.
Programming Done.
Verify OK.
Application running ...
Build target 'Target 1'
compiling work.c...
linking...
Program Size: Code=38274 RO-data=5758 RW-data=1540 ZI-data=1732  
FromELF: creating hex file...
".\USART.axf" - 0 Errors, 0 Warning(s).
Load "C:\\Users\\Administrator\\Desktop\\新建文件夹\\电设流风机\\STM32-DMP移植\\USER\\USART.axf" 
Full Chip Erase Done.
Programming Done.
Verify OK.
Application running ...
Build target 'Target 1'
compiling work.c...
linking...
Program Size: Code=38278 RO-data=5754 RW-data=1540 ZI-data=1732  
FromELF: creating hex file...
".\USART.axf" - 0 Errors, 0 Warning(s).
Load "C:\\Users\\Administrator\\Desktop\\新建文件夹\\电设流风机\\STM32-DMP移植\\USER\\USART.axf" 
Full Chip Erase Done.
Programming Done.
Verify OK.
Application running ...
Build target 'Target 1'
compiling work.c...
linking...
Program Size: Code=38282 RO-data=5758 RW-data=1540 ZI-data=1732  
FromELF: creating hex file...
".\USART.axf" - 0 Errors, 0 Warning(s).
Load "C:\\Users\\Administrator\\Desktop\\新建文件夹\\电设流风机\\STM32-DMP移植\\USER\\USART.axf" 
Full Chip Erase Done.
Programming Done.
Verify OK.
Application running ...
Build target 'Target 1'
compiling work.c...
linking...
Program Size: Code=38270 RO-data=5754 RW-data=1540 ZI-data=1732  
FromELF: creating hex file...
".\USART.axf" - 0 Errors, 0 Warning(s).
Load "C:\\Users\\Administrator\\Desktop\\新建文件夹\\电设流风机\\STM32-DMP移植\\USER\\USART.axf" 
Full Chip Erase Done.
Programming Done.
Verify OK.
Application running ...
Build target 'Target 1'
compiling work.c...
linking...
Program Size: Code=38278 RO-data=5754 RW-data=1540 ZI-data=1732  
FromELF: creating hex file...
".\USART.axf" - 0 Errors, 0 Warning(s).
Load "C:\\Users\\Administrator\\Desktop\\新建文件夹\\电设流风机\\STM32-DMP移植\\USER\\USART.axf" 
Full Chip Erase Done.
Programming Done.
Verify OK.
Application running ...
Build target 'Target 1'
compiling work.c...
linking...
Program Size: Code=38278 RO-data=5754 RW-data=1540 ZI-data=1732  
FromELF: creating hex file...
".\USART.axf" - 0 Errors, 0 Warning(s).
Load "C:\\Users\\Administrator\\Desktop\\新建文件夹\\电设流风机\\STM32-DMP移植\\USER\\USART.axf" 
Full Chip Erase Done.
Programming Done.
Verify OK.
Application running ...
Build target 'Target 1'
compiling work.c...
linking...
Program Size: Code=38278 RO-data=5754 RW-data=1540 ZI-data=1732  
FromELF: creating hex file...
".\USART.axf" - 0 Errors, 0 Warning(s).
Load "C:\\Users\\Administrator\\Desktop\\新建文件夹\\电设流风机\\STM32-DMP移植\\USER\\USART.axf" 
Full Chip Erase Done.
Programming Done.
Verify OK.
Application running ...
Load "C:\\Users\\Administrator\\Desktop\\新建文件夹\\电设流风机\\STM32-DMP移植\\USER\\USART.axf" 
Full Chip Erase Done.
Programming Done.
Verify OK.
Application running ...
Build target 'Target 1'
compiling work.c...
linking...
Program Size: Code=38062 RO-data=5754 RW-data=1540 ZI-data=1732  
FromELF: creating hex file...
".\USART.axf" - 0 Errors, 0 Warning(s).
Load "C:\\Users\\Administrator\\Desktop\\新建文件夹\\电设流风机\\STM32-DMP移植\\USER\\USART.axf" 
Full Chip Erase Done.
Programming Done.
Verify OK.
Application running ...
Build target 'Target 1'
compiling work.c...
linking...
Program Size: Code=38278 RO-data=5754 RW-data=1540 ZI-data=1732  
FromELF: creating hex file...
".\USART.axf" - 0 Errors, 0 Warning(s).
Build target 'Target 1'
compiling work.c...
linking...
Program Size: Code=38278 RO-data=5754 RW-data=1540 ZI-data=1732  
FromELF: creating hex file...
".\USART.axf" - 0 Errors, 0 Warning(s).
Load "C:\\Users\\Administrator\\Desktop\\新建文件夹\\电设流风机\\STM32-DMP移植\\USER\\USART.axf" 
Full Chip Erase Done.
Programming Done.
Verify OK.
Application running ...
Build target 'Target 1'
compiling work.c...
linking...
Program Size: Code=38278 RO-data=5754 RW-data=1540 ZI-data=1732  
FromELF: creating hex file...
".\USART.axf" - 0 Errors, 0 Warning(s).
